Archive member included to satisfy reference by file (symbol)

c:/mounriver/mounriver_studio/toolchain/risc-v embedded gcc/bin/../lib/gcc/riscv-none-embed/8.2.0/rv32ecxw/ilp32e\libgcc.a(save-restore.o)
                              ./User/PS2Keyboard.o (__riscv_save_2)
c:/mounriver/mounriver_studio/toolchain/risc-v embedded gcc/bin/../lib/gcc/riscv-none-embed/8.2.0/rv32ecxw/ilp32e\libgcc.a(muldi3.o)
                              ./User/basic.o (__mulsi3)
c:/mounriver/mounriver_studio/toolchain/risc-v embedded gcc/bin/../lib/gcc/riscv-none-embed/8.2.0/rv32ecxw/ilp32e\libgcc.a(div.o)
                              ./User/basic.o (__divsi3)
c:/mounriver/mounriver_studio/toolchain/risc-v embedded gcc/bin/../lib/gcc/riscv-none-embed/8.2.0/../../../../riscv-none-embed/lib/rv32ecxw/ilp32e\libg_nano.a(lib_a-malloc.o)
                              ./User/main.o (malloc)
c:/mounriver/mounriver_studio/toolchain/risc-v embedded gcc/bin/../lib/gcc/riscv-none-embed/8.2.0/../../../../riscv-none-embed/lib/rv32ecxw/ilp32e\libg_nano.a(lib_a-memmove.o)
                              ./User/main.o (memmove)
c:/mounriver/mounriver_studio/toolchain/risc-v embedded gcc/bin/../lib/gcc/riscv-none-embed/8.2.0/../../../../riscv-none-embed/lib/rv32ecxw/ilp32e\libg_nano.a(lib_a-memset.o)
                              ./User/main.o (memset)
c:/mounriver/mounriver_studio/toolchain/risc-v embedded gcc/bin/../lib/gcc/riscv-none-embed/8.2.0/../../../../riscv-none-embed/lib/rv32ecxw/ilp32e\libg_nano.a(lib_a-nano-freer.o)
                              c:/mounriver/mounriver_studio/toolchain/risc-v embedded gcc/bin/../lib/gcc/riscv-none-embed/8.2.0/../../../../riscv-none-embed/lib/rv32ecxw/ilp32e\libg_nano.a(lib_a-malloc.o) (_free_r)
c:/mounriver/mounriver_studio/toolchain/risc-v embedded gcc/bin/../lib/gcc/riscv-none-embed/8.2.0/../../../../riscv-none-embed/lib/rv32ecxw/ilp32e\libg_nano.a(lib_a-nano-mallocr.o)
                              c:/mounriver/mounriver_studio/toolchain/risc-v embedded gcc/bin/../lib/gcc/riscv-none-embed/8.2.0/../../../../riscv-none-embed/lib/rv32ecxw/ilp32e\libg_nano.a(lib_a-malloc.o) (_malloc_r)
c:/mounriver/mounriver_studio/toolchain/risc-v embedded gcc/bin/../lib/gcc/riscv-none-embed/8.2.0/../../../../riscv-none-embed/lib/rv32ecxw/ilp32e\libg_nano.a(lib_a-random.o)
                              ./User/basic.o (random)
c:/mounriver/mounriver_studio/toolchain/risc-v embedded gcc/bin/../lib/gcc/riscv-none-embed/8.2.0/../../../../riscv-none-embed/lib/rv32ecxw/ilp32e\libg_nano.a(lib_a-sbrkr.o)
                              c:/mounriver/mounriver_studio/toolchain/risc-v embedded gcc/bin/../lib/gcc/riscv-none-embed/8.2.0/../../../../riscv-none-embed/lib/rv32ecxw/ilp32e\libg_nano.a(lib_a-nano-mallocr.o) (_sbrk_r)
c:/mounriver/mounriver_studio/toolchain/risc-v embedded gcc/bin/../lib/gcc/riscv-none-embed/8.2.0/../../../../riscv-none-embed/lib/rv32ecxw/ilp32e\libg_nano.a(lib_a-strlen.o)
                              ./User/main.o (strlen)
c:/mounriver/mounriver_studio/toolchain/risc-v embedded gcc/bin/../lib/gcc/riscv-none-embed/8.2.0/../../../../riscv-none-embed/lib/rv32ecxw/ilp32e\libg_nano.a(lib_a-impure.o)
                              c:/mounriver/mounriver_studio/toolchain/risc-v embedded gcc/bin/../lib/gcc/riscv-none-embed/8.2.0/../../../../riscv-none-embed/lib/rv32ecxw/ilp32e\libg_nano.a(lib_a-malloc.o) (_impure_ptr)
c:/mounriver/mounriver_studio/toolchain/risc-v embedded gcc/bin/../lib/gcc/riscv-none-embed/8.2.0/../../../../riscv-none-embed/lib/rv32ecxw/ilp32e\libg_nano.a(lib_a-mlock.o)
                              c:/mounriver/mounriver_studio/toolchain/risc-v embedded gcc/bin/../lib/gcc/riscv-none-embed/8.2.0/../../../../riscv-none-embed/lib/rv32ecxw/ilp32e\libg_nano.a(lib_a-nano-freer.o) (__malloc_lock)
c:/mounriver/mounriver_studio/toolchain/risc-v embedded gcc/bin/../lib/gcc/riscv-none-embed/8.2.0/../../../../riscv-none-embed/lib/rv32ecxw/ilp32e\libg_nano.a(lib_a-reent.o)
                              c:/mounriver/mounriver_studio/toolchain/risc-v embedded gcc/bin/../lib/gcc/riscv-none-embed/8.2.0/../../../../riscv-none-embed/lib/rv32ecxw/ilp32e\libg_nano.a(lib_a-sbrkr.o) (errno)
c:/mounriver/mounriver_studio/toolchain/risc-v embedded gcc/bin/../lib/gcc/riscv-none-embed/8.2.0/rv32ecxw/ilp32e\libgcc.a(multi3.o)
                              c:/mounriver/mounriver_studio/toolchain/risc-v embedded gcc/bin/../lib/gcc/riscv-none-embed/8.2.0/../../../../riscv-none-embed/lib/rv32ecxw/ilp32e\libg_nano.a(lib_a-random.o) (__muldi3)

Allocating common symbols
Common symbol       size              file

errno               0x4               c:/mounriver/mounriver_studio/toolchain/risc-v embedded gcc/bin/../lib/gcc/riscv-none-embed/8.2.0/../../../../riscv-none-embed/lib/rv32ecxw/ilp32e\libg_nano.a(lib_a-reent.o)

Discarded input sections

 .text          0x0000000000000000        0x0 ./User/PS2Keyboard.o
 .data          0x0000000000000000        0x0 ./User/PS2Keyboard.o
[...]
Memory Configuration

Name             Origin             Length             Attributes
FLASH            0x0000000000000000 0x0000000000004000 xr
RAM              0x0000000020000000 0x0000000000000800 xrw
*default*        0x0000000000000000 0xffffffffffffffff

Linker script and memory map

LOAD ./User/PS2Keyboard.o
LOAD ./User/basic.o
LOAD ./User/ch32v00x_it.o
LOAD ./User/main.o
LOAD ./User/system_ch32v00x.o
LOAD ./Startup/startup_ch32v00x.o
LOAD ./Peripheral/src/ch32v00x_adc.o
LOAD ./Peripheral/src/ch32v00x_dbgmcu.o
LOAD ./Peripheral/src/ch32v00x_dma.o
LOAD ./Peripheral/src/ch32v00x_exti.o
LOAD ./Peripheral/src/ch32v00x_flash.o
LOAD ./Peripheral/src/ch32v00x_gpio.o
LOAD ./Peripheral/src/ch32v00x_i2c.o
LOAD ./Peripheral/src/ch32v00x_iwdg.o
LOAD ./Peripheral/src/ch32v00x_misc.o
LOAD ./Peripheral/src/ch32v00x_opa.o
LOAD ./Peripheral/src/ch32v00x_pwr.o
LOAD ./Peripheral/src/ch32v00x_rcc.o
LOAD ./Peripheral/src/ch32v00x_spi.o
LOAD ./Peripheral/src/ch32v00x_tim.o
LOAD ./Peripheral/src/ch32v00x_usart.o
LOAD ./Peripheral/src/ch32v00x_wwdg.o
LOAD ./Debug/debug.o
LOAD ./Core/core_riscv.o
LOAD c:/mounriver/mounriver_studio/toolchain/risc-v embedded gcc/bin/../lib/gcc/riscv-none-embed/8.2.0/../../../../riscv-none-embed/lib/rv32ecxw/ilp32e\libprintf.a
LOAD c:/mounriver/mounriver_studio/toolchain/risc-v embedded gcc/bin/../lib/gcc/riscv-none-embed/8.2.0/rv32ecxw/ilp32e\libgcc.a
LOAD c:/mounriver/mounriver_studio/toolchain/risc-v embedded gcc/bin/../lib/gcc/riscv-none-embed/8.2.0/../../../../riscv-none-embed/lib/rv32ecxw/ilp32e\libg_nano.a
LOAD c:/mounriver/mounriver_studio/toolchain/risc-v embedded gcc/bin/../lib/gcc/riscv-none-embed/8.2.0/../../../../riscv-none-embed/lib/rv32ecxw/ilp32e\libc_nano.a
LOAD c:/mounriver/mounriver_studio/toolchain/risc-v embedded gcc/bin/../lib/gcc/riscv-none-embed/8.2.0/rv32ecxw/ilp32e\libgcc.a
START GROUP
LOAD c:/mounriver/mounriver_studio/toolchain/risc-v embedded gcc/bin/../lib/gcc/riscv-none-embed/8.2.0/rv32ecxw/ilp32e\libgcc.a
LOAD c:/mounriver/mounriver_studio/toolchain/risc-v embedded gcc/bin/../lib/gcc/riscv-none-embed/8.2.0/../../../../riscv-none-embed/lib/rv32ecxw/ilp32e\libc_nano.a
LOAD c:/mounriver/mounriver_studio/toolchain/risc-v embedded gcc/bin/../lib/gcc/riscv-none-embed/8.2.0/../../../../riscv-none-embed/lib/rv32ecxw/ilp32e\libnosys.a
END GROUP
START GROUP
LOAD c:/mounriver/mounriver_studio/toolchain/risc-v embedded gcc/bin/../lib/gcc/riscv-none-embed/8.2.0/rv32ecxw/ilp32e\libgcc.a
LOAD c:/mounriver/mounriver_studio/toolchain/risc-v embedded gcc/bin/../lib/gcc/riscv-none-embed/8.2.0/../../../../riscv-none-embed/lib/rv32ecxw/ilp32e\libc_nano.a
LOAD c:/mounriver/mounriver_studio/toolchain/risc-v embedded gcc/bin/../lib/gcc/riscv-none-embed/8.2.0/../../../../riscv-none-embed/lib/rv32ecxw/ilp32e\libnosys.a
END GROUP
                0x0000000000000100                __stack_size = 0x100
                [!provide]                        PROVIDE (_stack_size = __stack_size)

.init           0x0000000000000000       0xa0
                0x0000000000000000                _sinit = .
                0x0000000000000000                . = ALIGN (0x4)
 *(SORT_NONE(.init))
 .init          0x0000000000000000       0x9e ./Startup/startup_ch32v00x.o
                0x0000000000000000                _start
                0x00000000000000a0                . = ALIGN (0x4)
 *fill*         0x000000000000009e        0x2 
                0x00000000000000a0                _einit = .

.text           0x00000000000000a0     0x3500
                0x00000000000000a0                . = ALIGN (0x4)
 *(.text)
 .text          0x00000000000000a0       0x14 c:/mounriver/mounriver_studio/toolchain/risc-v embedded gcc/bin/../lib/gcc/riscv-none-embed/8.2.0/rv32ecxw/ilp32e\libgcc.a(save-restore.o)
                0x00000000000000a0                __riscv_save_1
                0x00000000000000a0                __riscv_save_2
                0x00000000000000a0                __riscv_save_0
                0x00000000000000aa                __riscv_restore_0
                0x00000000000000aa                __riscv_restore_1
                0x00000000000000aa                __riscv_restore_2
 .text          0x00000000000000b4       0x16 c:/mounriver/mounriver_studio/toolchain/risc-v embedded gcc/bin/../lib/gcc/riscv-none-embed/8.2.0/rv32ecxw/ilp32e\libgcc.a(muldi3.o)
                0x00000000000000b4                __mulsi3
 *fill*         0x00000000000000ca        0x2 
 .text          0x00000000000000cc       0x7e c:/mounriver/mounriver_studio/toolchain/risc-v embedded gcc/bin/../lib/gcc/riscv-none-embed/8.2.0/rv32ecxw/ilp32e\libgcc.a(div.o)
                0x00000000000000cc                __divsi3
                0x00000000000000d4                __udivsi3
                0x0000000000000100                __umodsi3
                0x0000000000000124                __modsi3
 .text          0x000000000000014a       0xa8 c:/mounriver/mounriver_studio/toolchain/risc-v embedded gcc/bin/../lib/gcc/riscv-none-embed/8.2.0/../../../../riscv-none-embed/lib/rv32ecxw/ilp32e\libg_nano.a(lib_a-memset.o)
                0x000000000000014a                memset
 *(.text.*)
 .text.get_iso8859_code
                0x00000000000001f2      0x1ec ./User/PS2Keyboard.o
 .text.EXTI7_0_IRQHandler
                0x00000000000003de       0xc8 ./User/PS2Keyboard.o
                0x00000000000003de                EXTI7_0_IRQHandler
 .text.kbd_available
                0x00000000000004a6       0x22 ./User/PS2Keyboard.o
                0x00000000000004a6                kbd_available
 .text.kbd_read
                0x00000000000004c8       0x50 ./User/PS2Keyboard.o
                0x00000000000004c8                kbd_read
 .text.kbd_init
                0x0000000000000518       0x92 ./User/PS2Keyboard.o
                0x0000000000000518                kbd_init
 .text.sstyle   0x00000000000005aa       0x26 ./User/basic.o
                0x00000000000005aa                sstyle
 .text.c_toupper
                0x00000000000005d0       0x1c ./User/basic.o
                0x00000000000005d0                c_toupper
 .text.c_isspace
                0x00000000000005ec       0x18 ./User/basic.o
                0x00000000000005ec                c_isspace
 .text.c_isalpha
                0x0000000000000604       0x12 ./User/basic.o
                0x0000000000000604                c_isalpha
 .text.c_puts   0x0000000000000616       0x1a ./User/basic.o
                0x0000000000000616                c_puts
 .text.c_gets   0x0000000000000630       0xbe ./User/basic.o
                0x0000000000000630                c_gets
 .text.putnum   0x00000000000006ee       0xaa ./User/basic.o
                0x00000000000006ee                putnum
 .text.getnum   0x0000000000000798      0x10c ./User/basic.o
                0x0000000000000798                getnum
 .text.toktoi   0x00000000000008a4      0x2d8 ./User/basic.o
                0x00000000000008a4                toktoi
 .text.getsize  0x0000000000000b7c       0x1c ./User/basic.o
                0x0000000000000b7c                getsize
 .text.getlineno
                0x0000000000000b98       0x18 ./User/basic.o
                0x0000000000000b98                getlineno
 .text.getlp    0x0000000000000bb0       0x28 ./User/basic.o
                0x0000000000000bb0                getlp
 .text.inslist  0x0000000000000bd8       0xae ./User/basic.o
                0x0000000000000bd8                inslist
 .text.putlist  0x0000000000000c86      0x14c ./User/basic.o
                0x0000000000000c86                putlist
 .text.iexp     0x0000000000000dd2       0x78 ./User/basic.o
                0x0000000000000dd2                iexp
 .text.getparam
                0x0000000000000e4a       0x3a ./User/basic.o
                0x0000000000000e4a                getparam
 .text.ivalue   0x0000000000000e84      0x118 ./User/basic.o
                0x0000000000000e84                ivalue
 .text.imul     0x0000000000000f9c       0x5c ./User/basic.o
                0x0000000000000f9c                imul
 .text.iplus    0x0000000000000ff8       0x42 ./User/basic.o
                0x0000000000000ff8                iplus
 .text.iprint   0x000000000000103a       0xba ./User/basic.o
                0x000000000000103a                iprint
 .text.iinput   0x00000000000010f4      0x118 ./User/basic.o
                0x00000000000010f4                iinput
 .text.ivar     0x000000000000120c       0x3c ./User/basic.o
                0x000000000000120c                ivar
 .text.iarray   0x0000000000001248       0x48 ./User/basic.o
                0x0000000000001248                iarray
 .text.ilet     0x0000000000001290       0x34 ./User/basic.o
                0x0000000000001290                ilet
 .text.iexe     0x00000000000012c4      0x348 ./User/basic.o
                0x00000000000012c4                iexe
 .text.irun     0x000000000000160c       0x34 ./User/basic.o
                0x000000000000160c                irun
 .text.ilist    0x0000000000001640       0x7c ./User/basic.o
                0x0000000000001640                ilist
 .text.inew     0x00000000000016bc       0x3a ./User/basic.o
                0x00000000000016bc                inew
 .text.isave    0x00000000000016f6       0x96 ./User/basic.o
                0x00000000000016f6                isave
 .text.iload    0x000000000000178c       0x24 ./User/basic.o
                0x000000000000178c                iload
 .text.icom     0x00000000000017b0       0x88 ./User/basic.o
                0x00000000000017b0                icom
 .text.error    0x0000000000001838       0x8e ./User/basic.o
                0x0000000000001838                error
 .text.basic    0x00000000000018c6       0x68 ./User/basic.o
                0x00000000000018c6                basic
 .text.NMI_Handler
                0x000000000000192e        0x4 ./User/ch32v00x_it.o
                0x000000000000192e                NMI_Handler
 .text.HardFault_Handler
                0x0000000000001932        0x2 ./User/ch32v00x_it.o
                0x0000000000001932                HardFault_Handler
 .text.video_scroll
                0x0000000000001934       0x28 ./User/main.o
 .text.video_init
                0x000000000000195c      0x174 ./User/main.o
                0x000000000000195c                video_init
 .text.video_putch
                0x0000000000001ad0       0x6c ./User/main.o
                0x0000000000001ad0                video_putch
 .text.video_newline
                0x0000000000001b3c       0x26 ./User/main.o
                0x0000000000001b3c                video_newline
 .text.DMA_Tx_Init
                0x0000000000001b62       0x56 ./User/main.o
                0x0000000000001b62                DMA_Tx_Init
 .text.TIM1_CC_IRQHandler
                0x0000000000001bb8      0x138 ./User/main.o
                0x0000000000001bb8                TIM1_CC_IRQHandler
 .text.startup.main
                0x0000000000001cf0       0x34 ./User/main.o
                0x0000000000001cf0                main
 .text.SystemInit
                0x0000000000001d24       0xfe ./User/system_ch32v00x.o
                0x0000000000001d24                SystemInit
 .text.vector_handler
                0x0000000000001e22       0x36 ./Startup/startup_ch32v00x.o
                0x0000000000001e26                SysTick_Handler
                0x0000000000001e28                SW_Handler
                0x0000000000001e2a                WWDG_IRQHandler
                0x0000000000001e2c                PVD_IRQHandler
                0x0000000000001e2e                FLASH_IRQHandler
                0x0000000000001e30                RCC_IRQHandler
                0x0000000000001e34                AWU_IRQHandler
                0x0000000000001e36                DMA1_Channel1_IRQHandler
                0x0000000000001e38                DMA1_Channel2_IRQHandler
                0x0000000000001e3a                DMA1_Channel3_IRQHandler
                0x0000000000001e3c                DMA1_Channel4_IRQHandler
                0x0000000000001e3e                DMA1_Channel5_IRQHandler
                0x0000000000001e40                DMA1_Channel6_IRQHandler
                0x0000000000001e42                DMA1_Channel7_IRQHandler
                0x0000000000001e44                ADC1_IRQHandler
                0x0000000000001e46                I2C1_EV_IRQHandler
                0x0000000000001e48                I2C1_ER_IRQHandler
                0x0000000000001e4a                USART1_IRQHandler
                0x0000000000001e4c                SPI1_IRQHandler
                0x0000000000001e4e                TIM1_BRK_IRQHandler
                0x0000000000001e50                TIM1_UP_IRQHandler
                0x0000000000001e52                TIM1_TRG_COM_IRQHandler
                0x0000000000001e56                TIM2_IRQHandler
 .text.handle_reset
                0x0000000000001e58       0x7c ./Startup/startup_ch32v00x.o
                0x0000000000001e58                handle_reset
 .text.DMA_DeInit
                0x0000000000001ed4       0x92 ./Peripheral/src/ch32v00x_dma.o
                0x0000000000001ed4                DMA_DeInit
 .text.DMA_Init
                0x0000000000001f66       0x38 ./Peripheral/src/ch32v00x_dma.o
                0x0000000000001f66                DMA_Init
 .text.DMA_Cmd  0x0000000000001f9e       0x14 ./Peripheral/src/ch32v00x_dma.o
                0x0000000000001f9e                DMA_Cmd
 .text.EXTI_Init
                0x0000000000001fb2       0x6a ./Peripheral/src/ch32v00x_exti.o
                0x0000000000001fb2                EXTI_Init
 .text.EXTI_GetITStatus
                0x000000000000201c       0x1e ./Peripheral/src/ch32v00x_exti.o
                0x000000000000201c                EXTI_GetITStatus
 .text.EXTI_ClearITPendingBit
                0x000000000000203a        0xa ./Peripheral/src/ch32v00x_exti.o
                0x000000000000203a                EXTI_ClearITPendingBit
 .text.FLASH_Lock
                0x0000000000002044        0xe ./Peripheral/src/ch32v00x_flash.o
                0x0000000000002044                FLASH_Lock
 .text.FLASH_Unlock_Fast
                0x0000000000002052       0x1e ./Peripheral/src/ch32v00x_flash.o
                0x0000000000002052                FLASH_Unlock_Fast
 .text.FLASH_Lock_Fast
                0x0000000000002070        0xa ./Peripheral/src/ch32v00x_flash.o
                0x0000000000002070                FLASH_Lock_Fast
 .text.FLASH_BufReset
                0x000000000000207a       0x28 ./Peripheral/src/ch32v00x_flash.o
                0x000000000000207a                FLASH_BufReset
 .text.FLASH_BufLoad
                0x00000000000020a2       0x36 ./Peripheral/src/ch32v00x_flash.o
                0x00000000000020a2                FLASH_BufLoad
 .text.FLASH_ErasePage_Fast
                0x00000000000020d8       0x36 ./Peripheral/src/ch32v00x_flash.o
                0x00000000000020d8                FLASH_ErasePage_Fast
 .text.FLASH_ProgramPage_Fast
                0x000000000000210e       0x34 ./Peripheral/src/ch32v00x_flash.o
                0x000000000000210e                FLASH_ProgramPage_Fast
 .text.GPIO_Init
                0x0000000000002142       0xd6 ./Peripheral/src/ch32v00x_gpio.o
                0x0000000000002142                GPIO_Init
 .text.GPIO_ReadInputDataBit
                0x0000000000002218        0xa ./Peripheral/src/ch32v00x_gpio.o
                0x0000000000002218                GPIO_ReadInputDataBit
 .text.GPIO_EXTILineConfig
                0x0000000000002222       0x22 ./Peripheral/src/ch32v00x_gpio.o
                0x0000000000002222                GPIO_EXTILineConfig
 .text.NVIC_PriorityGroupConfig
                0x0000000000002244        0x6 ./Peripheral/src/ch32v00x_misc.o
                0x0000000000002244                NVIC_PriorityGroupConfig
 .text.NVIC_Init
                0x000000000000224a       0xa6 ./Peripheral/src/ch32v00x_misc.o
                0x000000000000224a                NVIC_Init
 .text.RCC_AHBPeriphClockCmd
                0x00000000000022f0       0x1e ./Peripheral/src/ch32v00x_rcc.o
                0x00000000000022f0                RCC_AHBPeriphClockCmd
 .text.RCC_APB2PeriphClockCmd
                0x000000000000230e       0x1e ./Peripheral/src/ch32v00x_rcc.o
                0x000000000000230e                RCC_APB2PeriphClockCmd
 .text.SPI_Init
                0x000000000000232c       0x32 ./Peripheral/src/ch32v00x_spi.o
                0x000000000000232c                SPI_Init
 .text.SPI_Cmd  0x000000000000235e       0x1a ./Peripheral/src/ch32v00x_spi.o
                0x000000000000235e                SPI_Cmd
 .text.SPI_I2S_DMACmd
                0x0000000000002378       0x12 ./Peripheral/src/ch32v00x_spi.o
                0x0000000000002378                SPI_I2S_DMACmd
 .text.TIM_TimeBaseInit
                0x000000000000238a       0x4e ./Peripheral/src/ch32v00x_tim.o
                0x000000000000238a                TIM_TimeBaseInit
 .text.TIM_OC3Init
                0x00000000000023d8       0x94 ./Peripheral/src/ch32v00x_tim.o
                0x00000000000023d8                TIM_OC3Init
 .text.TIM_OC4Init
                0x000000000000246c       0x6e ./Peripheral/src/ch32v00x_tim.o
                0x000000000000246c                TIM_OC4Init
 .text.TIM_Cmd  0x00000000000024da       0x18 ./Peripheral/src/ch32v00x_tim.o
                0x00000000000024da                TIM_Cmd
 .text.TIM_CtrlPWMOutputs
                0x00000000000024f2       0x16 ./Peripheral/src/ch32v00x_tim.o
                0x00000000000024f2                TIM_CtrlPWMOutputs
 .text.TIM_ITConfig
                0x0000000000002508       0x12 ./Peripheral/src/ch32v00x_tim.o
                0x0000000000002508                TIM_ITConfig
 .text.TIM_ARRPreloadConfig
                0x000000000000251a       0x1a ./Peripheral/src/ch32v00x_tim.o
                0x000000000000251a                TIM_ARRPreloadConfig
 .text.TIM_OC3PreloadConfig
                0x0000000000002534        0xe ./Peripheral/src/ch32v00x_tim.o
                0x0000000000002534                TIM_OC3PreloadConfig
 .text.TIM_OC4PreloadConfig
                0x0000000000002542       0x16 ./Peripheral/src/ch32v00x_tim.o
                0x0000000000002542                TIM_OC4PreloadConfig
 .text.TIM_SetCompare4
                0x0000000000002558        0x4 ./Peripheral/src/ch32v00x_tim.o
                0x0000000000002558                TIM_SetCompare4
 .text.TIM_ClearFlag
                0x000000000000255c        0xc ./Peripheral/src/ch32v00x_tim.o
                0x000000000000255c                TIM_ClearFlag
 .text._sbrk    0x0000000000002568       0x26 ./Debug/debug.o
                0x0000000000002568                _sbrk
 .text.malloc   0x000000000000258e        0xe c:/mounriver/mounriver_studio/toolchain/risc-v embedded gcc/bin/../lib/gcc/riscv-none-embed/8.2.0/../../../../riscv-none-embed/lib/rv32ecxw/ilp32e\libg_nano.a(lib_a-malloc.o)
                0x000000000000258e                malloc
 .text.memmove  0x000000000000259c       0x46 c:/mounriver/mounriver_studio/toolchain/risc-v embedded gcc/bin/../lib/gcc/riscv-none-embed/8.2.0/../../../../riscv-none-embed/lib/rv32ecxw/ilp32e\libg_nano.a(lib_a-memmove.o)
                0x000000000000259c                memmove
 .text._malloc_r
                0x00000000000025e2       0xd4 c:/mounriver/mounriver_studio/toolchain/risc-v embedded gcc/bin/../lib/gcc/riscv-none-embed/8.2.0/../../../../riscv-none-embed/lib/rv32ecxw/ilp32e\libg_nano.a(lib_a-nano-mallocr.o)
                0x00000000000025e2                _malloc_r
 .text.random   0x00000000000026b6       0x74 c:/mounriver/mounriver_studio/toolchain/risc-v embedded gcc/bin/../lib/gcc/riscv-none-embed/8.2.0/../../../../riscv-none-embed/lib/rv32ecxw/ilp32e\libg_nano.a(lib_a-random.o)
                0x00000000000026b6                random
 .text._sbrk_r  0x000000000000272a       0x2a c:/mounriver/mounriver_studio/toolchain/risc-v embedded gcc/bin/../lib/gcc/riscv-none-embed/8.2.0/../../../../riscv-none-embed/lib/rv32ecxw/ilp32e\libg_nano.a(lib_a-sbrkr.o)
                0x000000000000272a                _sbrk_r
 .text.__malloc_lock
                0x0000000000002754        0x2 c:/mounriver/mounriver_studio/toolchain/risc-v embedded gcc/bin/../lib/gcc/riscv-none-embed/8.2.0/../../../../riscv-none-embed/lib/rv32ecxw/ilp32e\libg_nano.a(lib_a-mlock.o)
                0x0000000000002754                __malloc_lock
 .text.__malloc_unlock
                0x0000000000002756        0x2 c:/mounriver/mounriver_studio/toolchain/risc-v embedded gcc/bin/../lib/gcc/riscv-none-embed/8.2.0/../../../../riscv-none-embed/lib/rv32ecxw/ilp32e\libg_nano.a(lib_a-mlock.o)
                0x0000000000002756                __malloc_unlock
 .text.__muldi3
                0x0000000000002758       0x6a c:/mounriver/mounriver_studio/toolchain/risc-v embedded gcc/bin/../lib/gcc/riscv-none-embed/8.2.0/rv32ecxw/ilp32e\libgcc.a(multi3.o)
                0x0000000000002758                __muldi3
 *(.rodata)
 *(.rodata*)
 *fill*         0x00000000000027c2        0x2 
 .rodata.CSWTCH.43
                0x00000000000027c4       0x34 ./User/PS2Keyboard.o
 .rodata.PS2Keymap_Japanese
                0x00000000000027f8      0x199 ./User/PS2Keyboard.o
                0x00000000000027f8                PS2Keymap_Japanese
 *fill*         0x0000000000002991        0x3 
 .rodata.iexp   0x0000000000002994       0x18 ./User/basic.o
 .rodata.ivalue
                0x00000000000029ac       0x5c ./User/basic.o
 .rodata.iexe   0x0000000000002a08       0x98 ./User/basic.o
 .rodata.icom   0x0000000000002aa0       0x14 ./User/basic.o
 .rodata.basic.str1.4
                0x0000000000002ab4       0x2d ./User/basic.o
 *fill*         0x0000000000002ae1        0x3 
 .rodata.error.str1.4
                0x0000000000002ae4       0x13 ./User/basic.o
 *fill*         0x0000000000002af7        0x1 
 .rodata.i_nsa  0x0000000000002af8       0x13 ./User/basic.o
                0x0000000000002af8                i_nsa
 *fill*         0x0000000000002b0b        0x1 
 .rodata.i_nsb  0x0000000000002b0c        0xf ./User/basic.o
                0x0000000000002b0c                i_nsb
 *fill*         0x0000000000002b1b        0x1 
 .rodata.iinput.str1.4
                0x0000000000002b1c        0x7 ./User/basic.o
 *fill*         0x0000000000002b23        0x1 
 .rodata.str1.4
                0x0000000000002b24      0x270 ./User/basic.o
                                        0x271 (size before relaxing)
 .rodata.msxfont
                0x0000000000002d94      0x800 ./User/main.o
                0x0000000000002d94                msxfont
 *fill*         0x0000000000003594        0x4 
 .rodata.random.cst8
                0x0000000000003598        0x8 c:/mounriver/mounriver_studio/toolchain/risc-v embedded gcc/bin/../lib/gcc/riscv-none-embed/8.2.0/../../../../riscv-none-embed/lib/rv32ecxw/ilp32e\libg_nano.a(lib_a-random.o)
 *(.gnu.linkonce.t.*)
                0x00000000000035a0                . = ALIGN (0x4)

.rela.dyn       0x00000000000035a0        0x0
 .rela.init     0x00000000000035a0        0x0 ./User/PS2Keyboard.o
 .rela.text.handle_reset
                0x00000000000035a0        0x0 ./User/PS2Keyboard.o
 .rela.text._sbrk
                0x00000000000035a0        0x0 ./User/PS2Keyboard.o
 .rela.data.curbrk.4059
                0x00000000000035a0        0x0 ./User/PS2Keyboard.o
 .rela.text._sbrk_r
                0x00000000000035a0        0x0 ./User/PS2Keyboard.o
 .rela.data.impure_data
                0x00000000000035a0        0x0 ./User/PS2Keyboard.o

.fini           0x00000000000035a0        0x0
 *(SORT_NONE(.fini))
                0x00000000000035a0                . = ALIGN (0x4)
                [!provide]                        PROVIDE (_etext = .)
                [!provide]                        PROVIDE (_eitcm = .)

.preinit_array  0x00000000000035a0        0x0
                [!provide]                        PROVIDE (__preinit_array_start = .)
 *(.preinit_array)
                [!provide]                        PROVIDE (__preinit_array_end = .)

.init_array     0x00000000000035a0        0x0
                [!provide]                        PROVIDE (__init_array_start = .)
 *(SORT_BY_INIT_PRIORITY(.init_array.*) SORT_BY_INIT_PRIORITY(.ctors.*))
 *(.init_array EXCLUDE_FILE(*crtend?.o *crtend.o *crtbegin?.o *crtbegin.o) .ctors)
                [!provide]                        PROVIDE (__init_array_end = .)

.fini_array     0x00000000000035a0        0x0
                [!provide]                        PROVIDE (__fini_array_start = .)
 *(SORT_BY_INIT_PRIORITY(.fini_array.*) SORT_BY_INIT_PRIORITY(.dtors.*))
 *(.fini_array EXCLUDE_FILE(*crtend?.o *crtend.o *crtbegin?.o *crtbegin.o) .dtors)
                [!provide]                        PROVIDE (__fini_array_end = .)

.ctors
 *crtbegin.o(.ctors)
 *crtbegin?.o(.ctors)
 *(EXCLUDE_FILE(*crtend?.o *crtend.o) .ctors)
 *(SORT_BY_NAME(.ctors.*))
 *(.ctors)

.dtors
 *crtbegin.o(.dtors)
 *crtbegin?.o(.dtors)
 *(EXCLUDE_FILE(*crtend?.o *crtend.o) .dtors)
 *(SORT_BY_NAME(.dtors.*))
 *(.dtors)

.dalign         0x0000000020000000        0x0 load address 0x00000000000035a0
                0x0000000020000000                . = ALIGN (0x4)
                0x0000000020000000                PROVIDE (_data_vma = .)

.dlalign        0x00000000000035a0        0x0
                0x00000000000035a0                . = ALIGN (0x4)
                0x00000000000035a0                PROVIDE (_data_lma = .)

.data           0x0000000020000000      0x158 load address 0x00000000000035a0
                0x0000000020000000                . = ALIGN (0x4)
 *(.gnu.linkonce.r.*)
 *(.data .data.*)
 .data.errmsg   0x0000000020000000       0x5c ./User/basic.o
                0x0000000020000000                errmsg
 .data.kwtbl    0x000000002000005c       0x90 ./User/basic.o
                0x000000002000005c                kwtbl
 .data.curbrk.4059
                0x00000000200000ec        0x4 ./Debug/debug.o
 .data.impure_data
                0x00000000200000f0       0x60 c:/mounriver/mounriver_studio/toolchain/risc-v embedded gcc/bin/../lib/gcc/riscv-none-embed/8.2.0/../../../../riscv-none-embed/lib/rv32ecxw/ilp32e\libg_nano.a(lib_a-impure.o)
 *(.gnu.linkonce.d.*)
                0x0000000020000150                . = ALIGN (0x8)
                0x0000000020000950                PROVIDE (__global_pointer$ = (. + 0x800))
 *(.sdata .sdata.*)
 .sdata._impure_ptr
                0x0000000020000150        0x4 c:/mounriver/mounriver_studio/toolchain/risc-v embedded gcc/bin/../lib/gcc/riscv-none-embed/8.2.0/../../../../riscv-none-embed/lib/rv32ecxw/ilp32e\libg_nano.a(lib_a-impure.o)
                0x0000000020000150                _impure_ptr
 *(.sdata2*)
 *(.gnu.linkonce.s.*)
                0x0000000020000158                . = ALIGN (0x8)
 *fill*         0x0000000020000154        0x4 
 *(.srodata.cst16)
 *(.srodata.cst8)
 *(.srodata.cst4)
 *(.srodata.cst2)
 *(.srodata .srodata.*)
                0x0000000020000158                . = ALIGN (0x4)
                0x0000000020000158                PROVIDE (_edata = .)

.bss            0x0000000020000158      0x3c0 load address 0x00000000000036f8
                0x0000000020000158                . = ALIGN (0x4)
                0x0000000020000158                PROVIDE (_sbss = .)
 *(.sbss*)
 .sbss.__malloc_free_list
                0x0000000020000158        0x4 c:/mounriver/mounriver_studio/toolchain/risc-v embedded gcc/bin/../lib/gcc/riscv-none-embed/8.2.0/../../../../riscv-none-embed/lib/rv32ecxw/ilp32e\libg_nano.a(lib_a-nano-mallocr.o)
                0x0000000020000158                __malloc_free_list
 .sbss.__malloc_sbrk_start
                0x000000002000015c        0x4 c:/mounriver/mounriver_studio/toolchain/risc-v embedded gcc/bin/../lib/gcc/riscv-none-embed/8.2.0/../../../../riscv-none-embed/lib/rv32ecxw/ilp32e\libg_nano.a(lib_a-nano-mallocr.o)
                0x000000002000015c                __malloc_sbrk_start
 *(.gnu.linkonce.sb.*)
 *(.bss*)
 .bss.CapsLock  0x0000000020000160        0x1 ./User/PS2Keyboard.o
 .bss.CharBuffer
                0x0000000020000161        0x1 ./User/PS2Keyboard.o
 .bss.UTF8next  0x0000000020000162        0x1 ./User/PS2Keyboard.o
 .bss.bitcount.4041
                0x0000000020000163        0x1 ./User/PS2Keyboard.o
 .bss.buffer    0x0000000020000164       0x10 ./User/PS2Keyboard.o
 .bss.head      0x0000000020000174        0x1 ./User/PS2Keyboard.o
 .bss.incoming.4042
                0x0000000020000175        0x1 ./User/PS2Keyboard.o
 *fill*         0x0000000020000176        0x2 
 .bss.keymap    0x0000000020000178        0x4 ./User/PS2Keyboard.o
 .bss.prev_ms.4043
                0x000000002000017c        0x4 ./User/PS2Keyboard.o
 .bss.state.4057
                0x0000000020000180        0x1 ./User/PS2Keyboard.o
 .bss.tail      0x0000000020000181        0x1 ./User/PS2Keyboard.o
 *fill*         0x0000000020000182        0x2 
 .bss.arr       0x0000000020000184       0x40 ./User/basic.o
                0x0000000020000184                arr
 .bss.cip       0x00000000200001c4        0x4 ./User/basic.o
                0x00000000200001c4                cip
 .bss.clp       0x00000000200001c8        0x4 ./User/basic.o
                0x00000000200001c8                clp
 .bss.err       0x00000000200001cc        0x1 ./User/basic.o
                0x00000000200001cc                err
 *fill*         0x00000000200001cd        0x3 
 .bss.gstk      0x00000000200001d0       0x18 ./User/basic.o
                0x00000000200001d0                gstk
 .bss.gstki     0x00000000200001e8        0x1 ./User/basic.o
                0x00000000200001e8                gstki
 *fill*         0x00000000200001e9        0x3 
 .bss.ibuf      0x00000000200001ec       0x50 ./User/basic.o
                0x00000000200001ec                ibuf
 .bss.lbuf      0x000000002000023c       0x50 ./User/basic.o
                0x000000002000023c                lbuf
 .bss.listbuf   0x000000002000028c      0x200 ./User/basic.o
                0x000000002000028c                listbuf
 .bss.lstk      0x000000002000048c       0x3c ./User/basic.o
                0x000000002000048c                lstk
 .bss.lstki     0x00000000200004c8        0x1 ./User/basic.o
                0x00000000200004c8                lstki
 *fill*         0x00000000200004c9        0x3 
 .bss.var       0x00000000200004cc       0x34 ./User/basic.o
                0x00000000200004cc                var
 .bss.cursor_x  0x0000000020000500        0x1 ./User/main.o
                0x0000000020000500                cursor_x
 .bss.cursor_y  0x0000000020000501        0x1 ./User/main.o
                0x0000000020000501                cursor_y
 .bss.ntsc_line
                0x0000000020000502        0x2 ./User/main.o
                0x0000000020000502                ntsc_line
 .bss.scandata  0x0000000020000504        0x8 ./User/main.o
                0x0000000020000504                scandata
 .bss.vram      0x000000002000050c        0x4 ./User/main.o
                0x000000002000050c                vram
 .bss.NVIC_Priority_Group
                0x0000000020000510        0x4 ./Peripheral/src/ch32v00x_misc.o
                0x0000000020000510                NVIC_Priority_Group
 *(.gnu.linkonce.b.*)
 *(COMMON*)
 COMMON         0x0000000020000514        0x4 c:/mounriver/mounriver_studio/toolchain/risc-v embedded gcc/bin/../lib/gcc/riscv-none-embed/8.2.0/../../../../riscv-none-embed/lib/rv32ecxw/ilp32e\libg_nano.a(lib_a-reent.o)
                0x0000000020000514                errno
                0x0000000020000518                . = ALIGN (0x4)
                0x0000000020000518                PROVIDE (_ebss = .)
                0x0000000020000518                PROVIDE (_end = _ebss)
                [!provide]                        PROVIDE (end = .)

.stack          0x0000000020000700      0x100
                0x0000000020000700                PROVIDE (_heap_end = .)
                0x0000000020000700                . = ALIGN (0x4)
                [!provide]                        PROVIDE (_susrstack = .)
                0x0000000020000800                . = (. + __stack_size)
 *fill*         0x0000000020000700      0x100 
                0x0000000020000800                PROVIDE (_eusrstack = .)
OUTPUT(TinyBASIC.elf elf32-littleriscv)

.debug_info     0x0000000000000000    0x10230
 .debug_info    0x0000000000000000     0x1140 ./User/PS2Keyboard.o
 .debug_info    0x0000000000001140     0x1f87 ./User/basic.o
 .debug_info    0x00000000000030c7      0x962 ./User/ch32v00x_it.o
 .debug_info    0x0000000000003a29     0x19d1 ./User/main.o
 .debug_info    0x00000000000053fa      0xc00 ./User/system_ch32v00x.o
 .debug_info    0x0000000000005ffa       0x22 ./Startup/startup_ch32v00x.o
 .debug_info    0x000000000000601c      0xd17 ./Peripheral/src/ch32v00x_dma.o
 .debug_info    0x0000000000006d33      0xc05 ./Peripheral/src/ch32v00x_exti.o
 .debug_info    0x0000000000007938     0x128f ./Peripheral/src/ch32v00x_flash.o
 .debug_info    0x0000000000008bc7      0xf89 ./Peripheral/src/ch32v00x_gpio.o
 .debug_info    0x0000000000009b50      0xdda ./Peripheral/src/ch32v00x_misc.o
 .debug_info    0x000000000000a92a     0x1063 ./Peripheral/src/ch32v00x_rcc.o
 .debug_info    0x000000000000b98d     0x1062 ./Peripheral/src/ch32v00x_spi.o
 .debug_info    0x000000000000c9ef     0x2949 ./Peripheral/src/ch32v00x_tim.o
 .debug_info    0x000000000000f338      0xef8 ./Debug/debug.o

.debug_abbrev   0x0000000000000000     0x2e3a
 .debug_abbrev  0x0000000000000000      0x38c ./User/PS2Keyboard.o
 .debug_abbrev  0x000000000000038c      0x56f ./User/basic.o
 .debug_abbrev  0x00000000000008fb      0x1cf ./User/ch32v00x_it.o
 .debug_abbrev  0x0000000000000aca      0x3a6 ./User/main.o
 .debug_abbrev  0x0000000000000e70      0x2af ./User/system_ch32v00x.o
 .debug_abbrev  0x000000000000111f       0x12 ./Startup/startup_ch32v00x.o
 .debug_abbrev  0x0000000000001131      0x302 ./Peripheral/src/ch32v00x_dma.o
 .debug_abbrev  0x0000000000001433      0x2da ./Peripheral/src/ch32v00x_exti.o
 .debug_abbrev  0x000000000000170d      0x3cf ./Peripheral/src/ch32v00x_flash.o
 .debug_abbrev  0x0000000000001adc      0x2f8 ./Peripheral/src/ch32v00x_gpio.o
 .debug_abbrev  0x0000000000001dd4      0x2fb ./Peripheral/src/ch32v00x_misc.o
 .debug_abbrev  0x00000000000020cf      0x36d ./Peripheral/src/ch32v00x_rcc.o
 .debug_abbrev  0x000000000000243c      0x303 ./Peripheral/src/ch32v00x_spi.o
 .debug_abbrev  0x000000000000273f      0x408 ./Peripheral/src/ch32v00x_tim.o
 .debug_abbrev  0x0000000000002b47      0x2f3 ./Debug/debug.o

.debug_loc      0x0000000000000000     0x4c6f
 .debug_loc     0x0000000000000000      0x211 ./User/PS2Keyboard.o
 .debug_loc     0x0000000000000211     0x1375 ./User/basic.o
 .debug_loc     0x0000000000001586      0x19a ./User/main.o
 .debug_loc     0x0000000000001720       0x55 ./User/system_ch32v00x.o
 .debug_loc     0x0000000000001775      0x14a ./Peripheral/src/ch32v00x_dma.o
 .debug_loc     0x00000000000018bf      0x181 ./Peripheral/src/ch32v00x_exti.o
 .debug_loc     0x0000000000001a40      0x678 ./Peripheral/src/ch32v00x_flash.o
 .debug_loc     0x00000000000020b8      0x670 ./Peripheral/src/ch32v00x_gpio.o
 .debug_loc     0x0000000000002728       0xce ./Peripheral/src/ch32v00x_misc.o
 .debug_loc     0x00000000000027f6      0x59f ./Peripheral/src/ch32v00x_rcc.o
 .debug_loc     0x0000000000002d95      0x429 ./Peripheral/src/ch32v00x_spi.o
 .debug_loc     0x00000000000031be     0x1936 ./Peripheral/src/ch32v00x_tim.o
 .debug_loc     0x0000000000004af4      0x17b ./Debug/debug.o

.debug_aranges  0x0000000000000000      0x960
 .debug_aranges
                0x0000000000000000       0x40 ./User/PS2Keyboard.o
 .debug_aranges
                0x0000000000000040      0x140 ./User/basic.o
 .debug_aranges
                0x0000000000000180       0x28 ./User/ch32v00x_it.o
 .debug_aranges
                0x00000000000001a8       0x58 ./User/main.o
 .debug_aranges
                0x0000000000000200       0x28 ./User/system_ch32v00x.o
 .debug_aranges
                0x0000000000000228       0x30 ./Startup/startup_ch32v00x.o
 .debug_aranges
                0x0000000000000258       0x60 ./Peripheral/src/ch32v00x_dma.o
 .debug_aranges
                0x00000000000002b8       0x50 ./Peripheral/src/ch32v00x_exti.o
 .debug_aranges
                0x0000000000000308       0xf0 ./Peripheral/src/ch32v00x_flash.o
 .debug_aranges
                0x00000000000003f8       0x90 ./Peripheral/src/ch32v00x_gpio.o
 .debug_aranges
                0x0000000000000488       0x28 ./Peripheral/src/ch32v00x_misc.o
 .debug_aranges
                0x00000000000004b0       0xe0 ./Peripheral/src/ch32v00x_rcc.o
 .debug_aranges
                0x0000000000000590       0xb8 ./Peripheral/src/ch32v00x_spi.o
 .debug_aranges
                0x0000000000000648      0x2d0 ./Peripheral/src/ch32v00x_tim.o
 .debug_aranges
                0x0000000000000918       0x48 ./Debug/debug.o

.debug_ranges   0x0000000000000000      0xa20
 .debug_ranges  0x0000000000000000       0xc0 ./User/PS2Keyboard.o
 .debug_ranges  0x00000000000000c0      0x1b0 ./User/basic.o
 .debug_ranges  0x0000000000000270       0x18 ./User/ch32v00x_it.o
 .debug_ranges  0x0000000000000288       0x60 ./User/main.o
 .debug_ranges  0x00000000000002e8       0x38 ./User/system_ch32v00x.o
 .debug_ranges  0x0000000000000320       0x28 ./Startup/startup_ch32v00x.o
 .debug_ranges  0x0000000000000348       0x50 ./Peripheral/src/ch32v00x_dma.o
 .debug_ranges  0x0000000000000398       0x40 ./Peripheral/src/ch32v00x_exti.o
 .debug_ranges  0x00000000000003d8       0xe0 ./Peripheral/src/ch32v00x_flash.o
 .debug_ranges  0x00000000000004b8       0x80 ./Peripheral/src/ch32v00x_gpio.o
 .debug_ranges  0x0000000000000538       0x48 ./Peripheral/src/ch32v00x_misc.o
 .debug_ranges  0x0000000000000580       0xd0 ./Peripheral/src/ch32v00x_rcc.o
 .debug_ranges  0x0000000000000650       0xa8 ./Peripheral/src/ch32v00x_spi.o
 .debug_ranges  0x00000000000006f8      0x2f0 ./Peripheral/src/ch32v00x_tim.o
 .debug_ranges  0x00000000000009e8       0x38 ./Debug/debug.o

.debug_line     0x0000000000000000     0xdbad
 .debug_line    0x0000000000000000      0xcf8 ./User/PS2Keyboard.o
 .debug_line    0x0000000000000cf8     0x370d ./User/basic.o
 .debug_line    0x0000000000004405      0x217 ./User/ch32v00x_it.o
 .debug_line    0x000000000000461c      0xf0a ./User/main.o
 .debug_line    0x0000000000005526      0x631 ./User/system_ch32v00x.o
 .debug_line    0x0000000000005b57      0x1ae ./Startup/startup_ch32v00x.o
 .debug_line    0x0000000000005d05      0x75f ./Peripheral/src/ch32v00x_dma.o
 .debug_line    0x0000000000006464      0x598 ./Peripheral/src/ch32v00x_exti.o
 .debug_line    0x00000000000069fc     0x1414 ./Peripheral/src/ch32v00x_flash.o
 .debug_line    0x0000000000007e10      0xb89 ./Peripheral/src/ch32v00x_gpio.o
 .debug_line    0x0000000000008999      0x493 ./Peripheral/src/ch32v00x_misc.o
 .debug_line    0x0000000000008e2c      0xd2e ./Peripheral/src/ch32v00x_rcc.o
 .debug_line    0x0000000000009b5a      0x999 ./Peripheral/src/ch32v00x_spi.o
 .debug_line    0x000000000000a4f3     0x2fc3 ./Peripheral/src/ch32v00x_tim.o
 .debug_line    0x000000000000d4b6      0x6f7 ./Debug/debug.o

.debug_str      0x0000000000000000     0x2da4
 .debug_str     0x0000000000000000      0xaf9 ./User/PS2Keyboard.o
                                        0xba7 (size before relaxing)
 .debug_str     0x0000000000000af9      0x473 ./User/basic.o
                                        0xa7a (size before relaxing)
 .debug_str     0x0000000000000f6c       0x34 ./User/ch32v00x_it.o
                                        0x5a0 (size before relaxing)
 .debug_str     0x0000000000000fa0      0x623 ./User/main.o
                                       0x1001 (size before relaxing)
 .debug_str     0x00000000000015c3      0x11e ./User/system_ch32v00x.o
                                        0x6ec (size before relaxing)
 .debug_str     0x00000000000016e1       0x2a ./Startup/startup_ch32v00x.o
                                         0x4e (size before relaxing)
 .debug_str     0x000000000000170b      0x11f ./Peripheral/src/ch32v00x_dma.o
                                        0x7dd (size before relaxing)
 .debug_str     0x000000000000182a       0xbc ./Peripheral/src/ch32v00x_exti.o
                                        0x777 (size before relaxing)
 .debug_str     0x00000000000018e6      0x338 ./Peripheral/src/ch32v00x_flash.o
                                        0x9e8 (size before relaxing)
 .debug_str     0x0000000000001c1e      0x19d ./Peripheral/src/ch32v00x_gpio.o
                                        0x8f4 (size before relaxing)
 .debug_str     0x0000000000001dbb       0xf1 ./Peripheral/src/ch32v00x_misc.o
                                        0x8fc (size before relaxing)
 .debug_str     0x0000000000001eac      0x2cf ./Peripheral/src/ch32v00x_rcc.o
                                        0x99b (size before relaxing)
 .debug_str     0x000000000000217b      0x1d4 ./Peripheral/src/ch32v00x_spi.o
                                        0x923 (size before relaxing)
 .debug_str     0x000000000000234f      0x909 ./Peripheral/src/ch32v00x_tim.o
                                       0x1239 (size before relaxing)
 .debug_str     0x0000000000002c58      0x14c ./Debug/debug.o
                                        0x8d5 (size before relaxing)

.comment        0x0000000000000000       0x33
 .comment       0x0000000000000000       0x33 ./User/PS2Keyboard.o
                                         0x34 (size before relaxing)
 .comment       0x0000000000000033       0x34 ./User/basic.o
 .comment       0x0000000000000033       0x34 ./User/ch32v00x_it.o
 .comment       0x0000000000000033       0x34 ./User/main.o
 .comment       0x0000000000000033       0x34 ./User/system_ch32v00x.o
 .comment       0x0000000000000033       0x34 ./Peripheral/src/ch32v00x_dma.o
 .comment       0x0000000000000033       0x34 ./Peripheral/src/ch32v00x_exti.o
 .comment       0x0000000000000033       0x34 ./Peripheral/src/ch32v00x_flash.o
 .comment       0x0000000000000033       0x34 ./Peripheral/src/ch32v00x_gpio.o
 .comment       0x0000000000000033       0x34 ./Peripheral/src/ch32v00x_misc.o
 .comment       0x0000000000000033       0x34 ./Peripheral/src/ch32v00x_rcc.o
 .comment       0x0000000000000033       0x34 ./Peripheral/src/ch32v00x_spi.o
 .comment       0x0000000000000033       0x34 ./Peripheral/src/ch32v00x_tim.o
 .comment       0x0000000000000033       0x34 ./Debug/debug.o

.debug_frame    0x0000000000000000     0x1830
 .debug_frame   0x0000000000000000       0xb8 ./User/PS2Keyboard.o
 .debug_frame   0x00000000000000b8      0x47c ./User/basic.o
 .debug_frame   0x0000000000000534       0x30 ./User/ch32v00x_it.o
 .debug_frame   0x0000000000000564      0x12c ./User/main.o
 .debug_frame   0x0000000000000690       0x4c ./User/system_ch32v00x.o
 .debug_frame   0x00000000000006dc       0xcc ./Peripheral/src/ch32v00x_dma.o
 .debug_frame   0x00000000000007a8       0x90 ./Peripheral/src/ch32v00x_exti.o
 .debug_frame   0x0000000000000838      0x2c8 ./Peripheral/src/ch32v00x_flash.o
 .debug_frame   0x0000000000000b00      0x12c ./Peripheral/src/ch32v00x_gpio.o
 .debug_frame   0x0000000000000c2c       0x30 ./Peripheral/src/ch32v00x_misc.o
 .debug_frame   0x0000000000000c5c      0x1c0 ./Peripheral/src/ch32v00x_rcc.o
 .debug_frame   0x0000000000000e1c      0x15c ./Peripheral/src/ch32v00x_spi.o
 .debug_frame   0x0000000000000f78      0x614 ./Peripheral/src/ch32v00x_tim.o
 .debug_frame   0x000000000000158c       0xc8 ./Debug/debug.o
 .debug_frame   0x0000000000001654       0x30 c:/mounriver/mounriver_studio/toolchain/risc-v embedded gcc/bin/../lib/gcc/riscv-none-embed/8.2.0/../../../../riscv-none-embed/lib/rv32ecxw/ilp32e\libg_nano.a(lib_a-malloc.o)
 .debug_frame   0x0000000000001684       0x20 c:/mounriver/mounriver_studio/toolchain/risc-v embedded gcc/bin/../lib/gcc/riscv-none-embed/8.2.0/../../../../riscv-none-embed/lib/rv32ecxw/ilp32e\libg_nano.a(lib_a-memmove.o)
 .debug_frame   0x00000000000016a4       0x38 c:/mounriver/mounriver_studio/toolchain/risc-v embedded gcc/bin/../lib/gcc/riscv-none-embed/8.2.0/../../../../riscv-none-embed/lib/rv32ecxw/ilp32e\libg_nano.a(lib_a-nano-mallocr.o)
 .debug_frame   0x00000000000016dc       0x5c c:/mounriver/mounriver_studio/toolchain/risc-v embedded gcc/bin/../lib/gcc/riscv-none-embed/8.2.0/../../../../riscv-none-embed/lib/rv32ecxw/ilp32e\libg_nano.a(lib_a-random.o)
 .debug_frame   0x0000000000001738       0x30 c:/mounriver/mounriver_studio/toolchain/risc-v embedded gcc/bin/../lib/gcc/riscv-none-embed/8.2.0/../../../../riscv-none-embed/lib/rv32ecxw/ilp32e\libg_nano.a(lib_a-sbrkr.o)
 .debug_frame   0x0000000000001768       0x30 c:/mounriver/mounriver_studio/toolchain/risc-v embedded gcc/bin/../lib/gcc/riscv-none-embed/8.2.0/../../../../riscv-none-embed/lib/rv32ecxw/ilp32e\libg_nano.a(lib_a-mlock.o)
 .debug_frame   0x0000000000001798       0x64 c:/mounriver/mounriver_studio/toolchain/risc-v embedded gcc/bin/../lib/gcc/riscv-none-embed/8.2.0/../../../../riscv-none-embed/lib/rv32ecxw/ilp32e\libg_nano.a(lib_a-reent.o)
 .debug_frame   0x00000000000017fc       0x34 c:/mounriver/mounriver_studio/toolchain/risc-v embedded gcc/bin/../lib/gcc/riscv-none-embed/8.2.0/rv32ecxw/ilp32e\libgcc.a(multi3.o)
