Archive member included to satisfy reference by file (symbol)

c:/mounriver/mounriver_studio/toolchain/risc-v embedded gcc/bin/../lib/gcc/riscv-none-embed/8.2.0/rv32ecxw/ilp32e\libgcc.a(save-restore.o)
                              ./User/PS2Keyboard.o (__riscv_save_2)
c:/mounriver/mounriver_studio/toolchain/risc-v embedded gcc/bin/../lib/gcc/riscv-none-embed/8.2.0/rv32ecxw/ilp32e\libgcc.a(muldi3.o)
                              ./User/basic.o (__mulsi3)
c:/mounriver/mounriver_studio/toolchain/risc-v embedded gcc/bin/../lib/gcc/riscv-none-embed/8.2.0/rv32ecxw/ilp32e\libgcc.a(div.o)
                              ./User/basic.o (__divsi3)
c:/mounriver/mounriver_studio/toolchain/risc-v embedded gcc/bin/../lib/gcc/riscv-none-embed/8.2.0/../../../../riscv-none-embed/lib/rv32ecxw/ilp32e\libg_nano.a(lib_a-malloc.o)
                              ./User/main.o (malloc)
c:/mounriver/mounriver_studio/toolchain/risc-v embedded gcc/bin/../lib/gcc/riscv-none-embed/8.2.0/../../../../riscv-none-embed/lib/rv32ecxw/ilp32e\libg_nano.a(lib_a-memmove.o)
                              ./User/main.o (memmove)
c:/mounriver/mounriver_studio/toolchain/risc-v embedded gcc/bin/../lib/gcc/riscv-none-embed/8.2.0/../../../../riscv-none-embed/lib/rv32ecxw/ilp32e\libg_nano.a(lib_a-memset.o)
                              ./User/main.o (memset)
c:/mounriver/mounriver_studio/toolchain/risc-v embedded gcc/bin/../lib/gcc/riscv-none-embed/8.2.0/../../../../riscv-none-embed/lib/rv32ecxw/ilp32e\libg_nano.a(lib_a-nano-freer.o)
                              c:/mounriver/mounriver_studio/toolchain/risc-v embedded gcc/bin/../lib/gcc/riscv-none-embed/8.2.0/../../../../riscv-none-embed/lib/rv32ecxw/ilp32e\libg_nano.a(lib_a-malloc.o) (_free_r)
c:/mounriver/mounriver_studio/toolchain/risc-v embedded gcc/bin/../lib/gcc/riscv-none-embed/8.2.0/../../../../riscv-none-embed/lib/rv32ecxw/ilp32e\libg_nano.a(lib_a-nano-mallocr.o)
                              c:/mounriver/mounriver_studio/toolchain/risc-v embedded gcc/bin/../lib/gcc/riscv-none-embed/8.2.0/../../../../riscv-none-embed/lib/rv32ecxw/ilp32e\libg_nano.a(lib_a-malloc.o) (_malloc_r)
c:/mounriver/mounriver_studio/toolchain/risc-v embedded gcc/bin/../lib/gcc/riscv-none-embed/8.2.0/../../../../riscv-none-embed/lib/rv32ecxw/ilp32e\libg_nano.a(lib_a-random.o)
                              ./User/basic.o (random)
c:/mounriver/mounriver_studio/toolchain/risc-v embedded gcc/bin/../lib/gcc/riscv-none-embed/8.2.0/../../../../riscv-none-embed/lib/rv32ecxw/ilp32e\libg_nano.a(lib_a-sbrkr.o)
                              c:/mounriver/mounriver_studio/toolchain/risc-v embedded gcc/bin/../lib/gcc/riscv-none-embed/8.2.0/../../../../riscv-none-embed/lib/rv32ecxw/ilp32e\libg_nano.a(lib_a-nano-mallocr.o) (_sbrk_r)
c:/mounriver/mounriver_studio/toolchain/risc-v embedded gcc/bin/../lib/gcc/riscv-none-embed/8.2.0/../../../../riscv-none-embed/lib/rv32ecxw/ilp32e\libg_nano.a(lib_a-strlen.o)
                              ./User/main.o (strlen)
c:/mounriver/mounriver_studio/toolchain/risc-v embedded gcc/bin/../lib/gcc/riscv-none-embed/8.2.0/../../../../riscv-none-embed/lib/rv32ecxw/ilp32e\libg_nano.a(lib_a-impure.o)
                              c:/mounriver/mounriver_studio/toolchain/risc-v embedded gcc/bin/../lib/gcc/riscv-none-embed/8.2.0/../../../../riscv-none-embed/lib/rv32ecxw/ilp32e\libg_nano.a(lib_a-malloc.o) (_impure_ptr)
c:/mounriver/mounriver_studio/toolchain/risc-v embedded gcc/bin/../lib/gcc/riscv-none-embed/8.2.0/../../../../riscv-none-embed/lib/rv32ecxw/ilp32e\libg_nano.a(lib_a-mlock.o)
                              c:/mounriver/mounriver_studio/toolchain/risc-v embedded gcc/bin/../lib/gcc/riscv-none-embed/8.2.0/../../../../riscv-none-embed/lib/rv32ecxw/ilp32e\libg_nano.a(lib_a-nano-freer.o) (__malloc_lock)
c:/mounriver/mounriver_studio/toolchain/risc-v embedded gcc/bin/../lib/gcc/riscv-none-embed/8.2.0/../../../../riscv-none-embed/lib/rv32ecxw/ilp32e\libg_nano.a(lib_a-reent.o)
                              c:/mounriver/mounriver_studio/toolchain/risc-v embedded gcc/bin/../lib/gcc/riscv-none-embed/8.2.0/../../../../riscv-none-embed/lib/rv32ecxw/ilp32e\libg_nano.a(lib_a-sbrkr.o) (errno)
c:/mounriver/mounriver_studio/toolchain/risc-v embedded gcc/bin/../lib/gcc/riscv-none-embed/8.2.0/rv32ecxw/ilp32e\libgcc.a(multi3.o)
                              c:/mounriver/mounriver_studio/toolchain/risc-v embedded gcc/bin/../lib/gcc/riscv-none-embed/8.2.0/../../../../riscv-none-embed/lib/rv32ecxw/ilp32e\libg_nano.a(lib_a-random.o) (__muldi3)

Allocating common symbols
Common symbol       size              file

errno               0x4               c:/mounriver/mounriver_studio/toolchain/risc-v embedded gcc/bin/../lib/gcc/riscv-none-embed/8.2.0/../../../../riscv-none-embed/lib/rv32ecxw/ilp32e\libg_nano.a(lib_a-reent.o)

Discarded input sections

 .text          0x0000000000000000        0x0 ./User/PS2Keyboard.o
 .data          0x0000000000000000        0x0 ./User/PS2Keyboard.o
[...]
Memory Configuration

Name             Origin             Length             Attributes
FLASH            0x0000000000000000 0x0000000000004000 xr
RAM              0x0000000020000000 0x0000000000000800 xrw
*default*        0x0000000000000000 0xffffffffffffffff

Linker script and memory map

LOAD ./User/PS2Keyboard.o
LOAD ./User/basic.o
LOAD ./User/ch32v00x_it.o
LOAD ./User/main.o
LOAD ./User/system_ch32v00x.o
LOAD ./Startup/startup_ch32v00x.o
LOAD ./Peripheral/src/ch32v00x_adc.o
LOAD ./Peripheral/src/ch32v00x_dbgmcu.o
LOAD ./Peripheral/src/ch32v00x_dma.o
LOAD ./Peripheral/src/ch32v00x_exti.o
LOAD ./Peripheral/src/ch32v00x_flash.o
LOAD ./Peripheral/src/ch32v00x_gpio.o
LOAD ./Peripheral/src/ch32v00x_i2c.o
LOAD ./Peripheral/src/ch32v00x_iwdg.o
LOAD ./Peripheral/src/ch32v00x_misc.o
LOAD ./Peripheral/src/ch32v00x_opa.o
LOAD ./Peripheral/src/ch32v00x_pwr.o
LOAD ./Peripheral/src/ch32v00x_rcc.o
LOAD ./Peripheral/src/ch32v00x_spi.o
LOAD ./Peripheral/src/ch32v00x_tim.o
LOAD ./Peripheral/src/ch32v00x_usart.o
LOAD ./Peripheral/src/ch32v00x_wwdg.o
LOAD ./Debug/debug.o
LOAD ./Core/core_riscv.o
LOAD c:/mounriver/mounriver_studio/toolchain/risc-v embedded gcc/bin/../lib/gcc/riscv-none-embed/8.2.0/../../../../riscv-none-embed/lib/rv32ecxw/ilp32e\libprintf.a
LOAD c:/mounriver/mounriver_studio/toolchain/risc-v embedded gcc/bin/../lib/gcc/riscv-none-embed/8.2.0/rv32ecxw/ilp32e\libgcc.a
LOAD c:/mounriver/mounriver_studio/toolchain/risc-v embedded gcc/bin/../lib/gcc/riscv-none-embed/8.2.0/../../../../riscv-none-embed/lib/rv32ecxw/ilp32e\libg_nano.a
LOAD c:/mounriver/mounriver_studio/toolchain/risc-v embedded gcc/bin/../lib/gcc/riscv-none-embed/8.2.0/../../../../riscv-none-embed/lib/rv32ecxw/ilp32e\libc_nano.a
LOAD c:/mounriver/mounriver_studio/toolchain/risc-v embedded gcc/bin/../lib/gcc/riscv-none-embed/8.2.0/rv32ecxw/ilp32e\libgcc.a
START GROUP
LOAD c:/mounriver/mounriver_studio/toolchain/risc-v embedded gcc/bin/../lib/gcc/riscv-none-embed/8.2.0/rv32ecxw/ilp32e\libgcc.a
LOAD c:/mounriver/mounriver_studio/toolchain/risc-v embedded gcc/bin/../lib/gcc/riscv-none-embed/8.2.0/../../../../riscv-none-embed/lib/rv32ecxw/ilp32e\libc_nano.a
LOAD c:/mounriver/mounriver_studio/toolchain/risc-v embedded gcc/bin/../lib/gcc/riscv-none-embed/8.2.0/../../../../riscv-none-embed/lib/rv32ecxw/ilp32e\libnosys.a
END GROUP
START GROUP
LOAD c:/mounriver/mounriver_studio/toolchain/risc-v embedded gcc/bin/../lib/gcc/riscv-none-embed/8.2.0/rv32ecxw/ilp32e\libgcc.a
LOAD c:/mounriver/mounriver_studio/toolchain/risc-v embedded gcc/bin/../lib/gcc/riscv-none-embed/8.2.0/../../../../riscv-none-embed/lib/rv32ecxw/ilp32e\libc_nano.a
LOAD c:/mounriver/mounriver_studio/toolchain/risc-v embedded gcc/bin/../lib/gcc/riscv-none-embed/8.2.0/../../../../riscv-none-embed/lib/rv32ecxw/ilp32e\libnosys.a
END GROUP
                0x0000000000000100                __stack_size = 0x100
                [!provide]                        PROVIDE (_stack_size = __stack_size)

.init           0x0000000000000000       0xa0
                0x0000000000000000                _sinit = .
                0x0000000000000000                . = ALIGN (0x4)
 *(SORT_NONE(.init))
 .init          0x0000000000000000       0x9e ./Startup/startup_ch32v00x.o
                0x0000000000000000                _start
                0x00000000000000a0                . = ALIGN (0x4)
 *fill*         0x000000000000009e        0x2 
                0x00000000000000a0                _einit = .

.text           0x00000000000000a0     0x3c48
                0x00000000000000a0                . = ALIGN (0x4)
 *(.text)
 .text          0x00000000000000a0       0x14 c:/mounriver/mounriver_studio/toolchain/risc-v embedded gcc/bin/../lib/gcc/riscv-none-embed/8.2.0/rv32ecxw/ilp32e\libgcc.a(save-restore.o)
                0x00000000000000a0                __riscv_save_1
                0x00000000000000a0                __riscv_save_2
                0x00000000000000a0                __riscv_save_0
                0x00000000000000aa                __riscv_restore_0
                0x00000000000000aa                __riscv_restore_1
                0x00000000000000aa                __riscv_restore_2
 .text          0x00000000000000b4       0x16 c:/mounriver/mounriver_studio/toolchain/risc-v embedded gcc/bin/../lib/gcc/riscv-none-embed/8.2.0/rv32ecxw/ilp32e\libgcc.a(muldi3.o)
                0x00000000000000b4                __mulsi3
 *fill*         0x00000000000000ca        0x2 
 .text          0x00000000000000cc       0x7e c:/mounriver/mounriver_studio/toolchain/risc-v embedded gcc/bin/../lib/gcc/riscv-none-embed/8.2.0/rv32ecxw/ilp32e\libgcc.a(div.o)
                0x00000000000000cc                __divsi3
                0x00000000000000d4                __udivsi3
                0x0000000000000100                __umodsi3
                0x0000000000000124                __modsi3
 .text          0x000000000000014a       0xa8 c:/mounriver/mounriver_studio/toolchain/risc-v embedded gcc/bin/../lib/gcc/riscv-none-embed/8.2.0/../../../../riscv-none-embed/lib/rv32ecxw/ilp32e\libg_nano.a(lib_a-memset.o)
                0x000000000000014a                memset
 *(.text.*)
 .text.get_iso8859_code
                0x00000000000001f2      0x226 ./User/PS2Keyboard.o
 .text.EXTI7_0_IRQHandler
                0x0000000000000418       0xd8 ./User/PS2Keyboard.o
                0x0000000000000418                EXTI7_0_IRQHandler
 .text.kbd_available
                0x00000000000004f0       0x22 ./User/PS2Keyboard.o
                0x00000000000004f0                kbd_available
 .text.kbd_read
                0x0000000000000512       0x4c ./User/PS2Keyboard.o
                0x0000000000000512                kbd_read
 .text.kbd_init
                0x000000000000055e       0x92 ./User/PS2Keyboard.o
                0x000000000000055e                kbd_init
 .text.c_gets   0x00000000000005f0       0xe0 ./User/basic.o
                0x00000000000005f0                c_gets
 .text.putnum   0x00000000000006d0       0xba ./User/basic.o
                0x00000000000006d0                putnum
 .text.getnum   0x000000000000078a      0x114 ./User/basic.o
                0x000000000000078a                getnum
 .text.toktoi   0x000000000000089e      0x3e2 ./User/basic.o
                0x000000000000089e                toktoi
 .text.inslist  0x0000000000000c80      0x166 ./User/basic.o
                0x0000000000000c80                inslist
 .text.putlist  0x0000000000000de6      0x1f4 ./User/basic.o
                0x0000000000000de6                putlist
 .text.iexp     0x0000000000000fda       0x88 ./User/basic.o
                0x0000000000000fda                iexp
 .text.getparam
                0x0000000000001062       0x46 ./User/basic.o
                0x0000000000001062                getparam
 .text.ivalue   0x00000000000010a8      0x174 ./User/basic.o
                0x00000000000010a8                ivalue
 .text.imul     0x000000000000121c       0x76 ./User/basic.o
                0x000000000000121c                imul
 .text.iplus    0x0000000000001292       0x52 ./User/basic.o
                0x0000000000001292                iplus
 .text.iprint   0x00000000000012e4       0xc4 ./User/basic.o
                0x00000000000012e4                iprint
 .text.iinput   0x00000000000013a8      0x186 ./User/basic.o
                0x00000000000013a8                iinput
 .text.ivar     0x000000000000152e       0x40 ./User/basic.o
                0x000000000000152e                ivar
 .text.iarray   0x000000000000156e       0x4e ./User/basic.o
                0x000000000000156e                iarray
 .text.ilet     0x00000000000015bc       0x38 ./User/basic.o
                0x00000000000015bc                ilet
 .text.iexe     0x00000000000015f4      0x440 ./User/basic.o
                0x00000000000015f4                iexe
 .text.irun     0x0000000000001a34       0x46 ./User/basic.o
                0x0000000000001a34                irun
 .text.ilist    0x0000000000001a7a       0xa2 ./User/basic.o
                0x0000000000001a7a                ilist
 .text.isave    0x0000000000001b1c       0xa2 ./User/basic.o
                0x0000000000001b1c                isave
 .text.icom     0x0000000000001bbe       0xf0 ./User/basic.o
                0x0000000000001bbe                icom
 .text.error    0x0000000000001cae       0xfa ./User/basic.o
                0x0000000000001cae                error
 .text.basic    0x0000000000001da8       0xe0 ./User/basic.o
                0x0000000000001da8                basic
 .text.NMI_Handler
                0x0000000000001e88        0x4 ./User/ch32v00x_it.o
                0x0000000000001e88                NMI_Handler
 .text.HardFault_Handler
                0x0000000000001e8c        0x2 ./User/ch32v00x_it.o
                0x0000000000001e8c                HardFault_Handler
 .text.video_init
                0x0000000000001e8e      0x174 ./User/main.o
                0x0000000000001e8e                video_init
 .text.video_putch
                0x0000000000002002       0x90 ./User/main.o
                0x0000000000002002                video_putch
 .text.video_newline
                0x0000000000002092       0x4a ./User/main.o
                0x0000000000002092                video_newline
 .text.DMA_Tx_Init
                0x00000000000020dc       0x62 ./User/main.o
                0x00000000000020dc                DMA_Tx_Init
 .text.TIM1_CC_IRQHandler
                0x000000000000213e      0x13a ./User/main.o
                0x000000000000213e                TIM1_CC_IRQHandler
 .text.startup.main
                0x0000000000002278       0x34 ./User/main.o
                0x0000000000002278                main
 .text.SystemInit
                0x00000000000022ac      0x110 ./User/system_ch32v00x.o
                0x00000000000022ac                SystemInit
 .text.vector_handler
                0x00000000000023bc       0x36 ./Startup/startup_ch32v00x.o
                0x00000000000023c0                SysTick_Handler
                0x00000000000023c2                SW_Handler
                0x00000000000023c4                WWDG_IRQHandler
                0x00000000000023c6                PVD_IRQHandler
                0x00000000000023c8                FLASH_IRQHandler
                0x00000000000023ca                RCC_IRQHandler
                0x00000000000023ce                AWU_IRQHandler
                0x00000000000023d0                DMA1_Channel1_IRQHandler
                0x00000000000023d2                DMA1_Channel2_IRQHandler
                0x00000000000023d4                DMA1_Channel3_IRQHandler
                0x00000000000023d6                DMA1_Channel4_IRQHandler
                0x00000000000023d8                DMA1_Channel5_IRQHandler
                0x00000000000023da                DMA1_Channel6_IRQHandler
                0x00000000000023dc                DMA1_Channel7_IRQHandler
                0x00000000000023de                ADC1_IRQHandler
                0x00000000000023e0                I2C1_EV_IRQHandler
                0x00000000000023e2                I2C1_ER_IRQHandler
                0x00000000000023e4                USART1_IRQHandler
                0x00000000000023e6                SPI1_IRQHandler
                0x00000000000023e8                TIM1_BRK_IRQHandler
                0x00000000000023ea                TIM1_UP_IRQHandler
                0x00000000000023ec                TIM1_TRG_COM_IRQHandler
                0x00000000000023f0                TIM2_IRQHandler
 .text.handle_reset
                0x00000000000023f2       0x7c ./Startup/startup_ch32v00x.o
                0x00000000000023f2                handle_reset
 .text.DMA_DeInit
                0x000000000000246e       0xa8 ./Peripheral/src/ch32v00x_dma.o
                0x000000000000246e                DMA_DeInit
 .text.DMA_Init
                0x0000000000002516       0x44 ./Peripheral/src/ch32v00x_dma.o
                0x0000000000002516                DMA_Init
 .text.DMA_Cmd  0x000000000000255a       0x16 ./Peripheral/src/ch32v00x_dma.o
                0x000000000000255a                DMA_Cmd
 .text.EXTI_Init
                0x0000000000002570       0x6e ./Peripheral/src/ch32v00x_exti.o
                0x0000000000002570                EXTI_Init
 .text.EXTI_GetITStatus
                0x00000000000025de       0x1e ./Peripheral/src/ch32v00x_exti.o
                0x00000000000025de                EXTI_GetITStatus
 .text.EXTI_ClearITPendingBit
                0x00000000000025fc        0xa ./Peripheral/src/ch32v00x_exti.o
                0x00000000000025fc                EXTI_ClearITPendingBit
 .text.FLASH_Lock
                0x0000000000002606        0xe ./Peripheral/src/ch32v00x_flash.o
                0x0000000000002606                FLASH_Lock
 .text.FLASH_Unlock_Fast
                0x0000000000002614       0x1e ./Peripheral/src/ch32v00x_flash.o
                0x0000000000002614                FLASH_Unlock_Fast
 .text.FLASH_Lock_Fast
                0x0000000000002632        0xa ./Peripheral/src/ch32v00x_flash.o
                0x0000000000002632                FLASH_Lock_Fast
 .text.FLASH_BufReset
                0x000000000000263c       0x2c ./Peripheral/src/ch32v00x_flash.o
                0x000000000000263c                FLASH_BufReset
 .text.FLASH_BufLoad
                0x0000000000002668       0x3a ./Peripheral/src/ch32v00x_flash.o
                0x0000000000002668                FLASH_BufLoad
 .text.FLASH_ErasePage_Fast
                0x00000000000026a2       0x3a ./Peripheral/src/ch32v00x_flash.o
                0x00000000000026a2                FLASH_ErasePage_Fast
 .text.FLASH_ProgramPage_Fast
                0x00000000000026dc       0x38 ./Peripheral/src/ch32v00x_flash.o
                0x00000000000026dc                FLASH_ProgramPage_Fast
 .text.GPIO_Init
                0x0000000000002714       0xd8 ./Peripheral/src/ch32v00x_gpio.o
                0x0000000000002714                GPIO_Init
 .text.GPIO_ReadInputDataBit
                0x00000000000027ec        0xa ./Peripheral/src/ch32v00x_gpio.o
                0x00000000000027ec                GPIO_ReadInputDataBit
 .text.GPIO_EXTILineConfig
                0x00000000000027f6       0x22 ./Peripheral/src/ch32v00x_gpio.o
                0x00000000000027f6                GPIO_EXTILineConfig
 .text.NVIC_PriorityGroupConfig
                0x0000000000002818        0x6 ./Peripheral/src/ch32v00x_misc.o
                0x0000000000002818                NVIC_PriorityGroupConfig
 .text.NVIC_Init
                0x000000000000281e       0xd4 ./Peripheral/src/ch32v00x_misc.o
                0x000000000000281e                NVIC_Init
 .text.RCC_AHBPeriphClockCmd
                0x00000000000028f2       0x1e ./Peripheral/src/ch32v00x_rcc.o
                0x00000000000028f2                RCC_AHBPeriphClockCmd
 .text.RCC_APB2PeriphClockCmd
                0x0000000000002910       0x1e ./Peripheral/src/ch32v00x_rcc.o
                0x0000000000002910                RCC_APB2PeriphClockCmd
 .text.SPI_Init
                0x000000000000292e       0x3a ./Peripheral/src/ch32v00x_spi.o
                0x000000000000292e                SPI_Init
 .text.SPI_Cmd  0x0000000000002968       0x1c ./Peripheral/src/ch32v00x_spi.o
                0x0000000000002968                SPI_Cmd
 .text.SPI_I2S_DMACmd
                0x0000000000002984       0x14 ./Peripheral/src/ch32v00x_spi.o
                0x0000000000002984                SPI_I2S_DMACmd
 .text.TIM_TimeBaseInit
                0x0000000000002998       0x72 ./Peripheral/src/ch32v00x_tim.o
                0x0000000000002998                TIM_TimeBaseInit
 .text.TIM_OC3Init
                0x0000000000002a0a       0xac ./Peripheral/src/ch32v00x_tim.o
                0x0000000000002a0a                TIM_OC3Init
 .text.TIM_OC4Init
                0x0000000000002ab6       0x7e ./Peripheral/src/ch32v00x_tim.o
                0x0000000000002ab6                TIM_OC4Init
 .text.TIM_Cmd  0x0000000000002b34       0x1a ./Peripheral/src/ch32v00x_tim.o
                0x0000000000002b34                TIM_Cmd
 .text.TIM_CtrlPWMOutputs
                0x0000000000002b4e       0x1a ./Peripheral/src/ch32v00x_tim.o
                0x0000000000002b4e                TIM_CtrlPWMOutputs
 .text.TIM_ITConfig
                0x0000000000002b68       0x14 ./Peripheral/src/ch32v00x_tim.o
                0x0000000000002b68                TIM_ITConfig
 .text.TIM_ARRPreloadConfig
                0x0000000000002b7c       0x1c ./Peripheral/src/ch32v00x_tim.o
                0x0000000000002b7c                TIM_ARRPreloadConfig
 .text.TIM_OC3PreloadConfig
                0x0000000000002b98        0xe ./Peripheral/src/ch32v00x_tim.o
                0x0000000000002b98                TIM_OC3PreloadConfig
 .text.TIM_OC4PreloadConfig
                0x0000000000002ba6       0x16 ./Peripheral/src/ch32v00x_tim.o
                0x0000000000002ba6                TIM_OC4PreloadConfig
 .text.TIM_SetCompare4
                0x0000000000002bbc        0x4 ./Peripheral/src/ch32v00x_tim.o
                0x0000000000002bbc                TIM_SetCompare4
 .text.TIM_ClearFlag
                0x0000000000002bc0        0xc ./Peripheral/src/ch32v00x_tim.o
                0x0000000000002bc0                TIM_ClearFlag
 .text._sbrk    0x0000000000002bcc       0x28 ./Debug/debug.o
                0x0000000000002bcc                _sbrk
 .text.malloc   0x0000000000002bf4        0xe c:/mounriver/mounriver_studio/toolchain/risc-v embedded gcc/bin/../lib/gcc/riscv-none-embed/8.2.0/../../../../riscv-none-embed/lib/rv32ecxw/ilp32e\libg_nano.a(lib_a-malloc.o)
                0x0000000000002bf4                malloc
 .text.memmove  0x0000000000002c02       0x46 c:/mounriver/mounriver_studio/toolchain/risc-v embedded gcc/bin/../lib/gcc/riscv-none-embed/8.2.0/../../../../riscv-none-embed/lib/rv32ecxw/ilp32e\libg_nano.a(lib_a-memmove.o)
                0x0000000000002c02                memmove
 .text._malloc_r
                0x0000000000002c48       0xd4 c:/mounriver/mounriver_studio/toolchain/risc-v embedded gcc/bin/../lib/gcc/riscv-none-embed/8.2.0/../../../../riscv-none-embed/lib/rv32ecxw/ilp32e\libg_nano.a(lib_a-nano-mallocr.o)
                0x0000000000002c48                _malloc_r
 .text.random   0x0000000000002d1c       0x74 c:/mounriver/mounriver_studio/toolchain/risc-v embedded gcc/bin/../lib/gcc/riscv-none-embed/8.2.0/../../../../riscv-none-embed/lib/rv32ecxw/ilp32e\libg_nano.a(lib_a-random.o)
                0x0000000000002d1c                random
 .text._sbrk_r  0x0000000000002d90       0x2a c:/mounriver/mounriver_studio/toolchain/risc-v embedded gcc/bin/../lib/gcc/riscv-none-embed/8.2.0/../../../../riscv-none-embed/lib/rv32ecxw/ilp32e\libg_nano.a(lib_a-sbrkr.o)
                0x0000000000002d90                _sbrk_r
 .text.__malloc_lock
                0x0000000000002dba        0x2 c:/mounriver/mounriver_studio/toolchain/risc-v embedded gcc/bin/../lib/gcc/riscv-none-embed/8.2.0/../../../../riscv-none-embed/lib/rv32ecxw/ilp32e\libg_nano.a(lib_a-mlock.o)
                0x0000000000002dba                __malloc_lock
 .text.__malloc_unlock
                0x0000000000002dbc        0x2 c:/mounriver/mounriver_studio/toolchain/risc-v embedded gcc/bin/../lib/gcc/riscv-none-embed/8.2.0/../../../../riscv-none-embed/lib/rv32ecxw/ilp32e\libg_nano.a(lib_a-mlock.o)
                0x0000000000002dbc                __malloc_unlock
 .text.__muldi3
                0x0000000000002dbe       0x6a c:/mounriver/mounriver_studio/toolchain/risc-v embedded gcc/bin/../lib/gcc/riscv-none-embed/8.2.0/rv32ecxw/ilp32e\libgcc.a(multi3.o)
                0x0000000000002dbe                __muldi3
 *(.rodata)
 *(.rodata*)
 *fill*         0x0000000000002e28        0x0 
 .rodata.get_iso8859_code
                0x0000000000002e28       0xe4 ./User/PS2Keyboard.o
 .rodata.CSWTCH.43
                0x0000000000002f0c       0x34 ./User/PS2Keyboard.o
 .rodata.PS2Keymap_Japanese
                0x0000000000002f40      0x199 ./User/PS2Keyboard.o
                0x0000000000002f40                PS2Keymap_Japanese
 *fill*         0x00000000000030d9        0x3 
 .rodata.iexp   0x00000000000030dc       0x18 ./User/basic.o
 .rodata.ivalue
                0x00000000000030f4       0x5c ./User/basic.o
 .rodata.iexe   0x0000000000003150       0x98 ./User/basic.o
 .rodata.icom   0x00000000000031e8       0x14 ./User/basic.o
 .rodata.basic.str1.4
                0x00000000000031fc       0x2d ./User/basic.o
 *fill*         0x0000000000003229        0x3 
 .rodata.error.str1.4
                0x000000000000322c       0x13 ./User/basic.o
 *fill*         0x000000000000323f        0x1 
 .rodata.i_nsa  0x0000000000003240       0x13 ./User/basic.o
                0x0000000000003240                i_nsa
 *fill*         0x0000000000003253        0x1 
 .rodata.i_nsb  0x0000000000003254        0xf ./User/basic.o
                0x0000000000003254                i_nsb
 *fill*         0x0000000000003263        0x1 
 .rodata.iinput.str1.4
                0x0000000000003264        0x7 ./User/basic.o
 *fill*         0x000000000000326b        0x1 
 .rodata.str1.4
                0x000000000000326c      0x270 ./User/basic.o
                                        0x271 (size before relaxing)
 .rodata.msxfont
                0x00000000000034dc      0x800 ./User/main.o
                0x00000000000034dc                msxfont
 *fill*         0x0000000000003cdc        0x4 
 .rodata.random.cst8
                0x0000000000003ce0        0x8 c:/mounriver/mounriver_studio/toolchain/risc-v embedded gcc/bin/../lib/gcc/riscv-none-embed/8.2.0/../../../../riscv-none-embed/lib/rv32ecxw/ilp32e\libg_nano.a(lib_a-random.o)
 *(.gnu.linkonce.t.*)
                0x0000000000003ce8                . = ALIGN (0x4)

.rela.dyn       0x0000000000003ce8        0x0
 .rela.init     0x0000000000003ce8        0x0 ./User/PS2Keyboard.o
 .rela.text.handle_reset
                0x0000000000003ce8        0x0 ./User/PS2Keyboard.o
 .rela.text._sbrk
                0x0000000000003ce8        0x0 ./User/PS2Keyboard.o
 .rela.data.curbrk.4059
                0x0000000000003ce8        0x0 ./User/PS2Keyboard.o
 .rela.text._sbrk_r
                0x0000000000003ce8        0x0 ./User/PS2Keyboard.o
 .rela.data.impure_data
                0x0000000000003ce8        0x0 ./User/PS2Keyboard.o

.fini           0x0000000000003ce8        0x0
 *(SORT_NONE(.fini))
                0x0000000000003ce8                . = ALIGN (0x4)
                [!provide]                        PROVIDE (_etext = .)
                [!provide]                        PROVIDE (_eitcm = .)

.preinit_array  0x0000000000003ce8        0x0
                [!provide]                        PROVIDE (__preinit_array_start = .)
 *(.preinit_array)
                [!provide]                        PROVIDE (__preinit_array_end = .)

.init_array     0x0000000000003ce8        0x0
                [!provide]                        PROVIDE (__init_array_start = .)
 *(SORT_BY_INIT_PRIORITY(.init_array.*) SORT_BY_INIT_PRIORITY(.ctors.*))
 *(.init_array EXCLUDE_FILE(*crtend?.o *crtend.o *crtbegin?.o *crtbegin.o) .ctors)
                [!provide]                        PROVIDE (__init_array_end = .)

.fini_array     0x0000000000003ce8        0x0
                [!provide]                        PROVIDE (__fini_array_start = .)
 *(SORT_BY_INIT_PRIORITY(.fini_array.*) SORT_BY_INIT_PRIORITY(.dtors.*))
 *(.fini_array EXCLUDE_FILE(*crtend?.o *crtend.o *crtbegin?.o *crtbegin.o) .dtors)
                [!provide]                        PROVIDE (__fini_array_end = .)

.ctors
 *crtbegin.o(.ctors)
 *crtbegin?.o(.ctors)
 *(EXCLUDE_FILE(*crtend?.o *crtend.o) .ctors)
 *(SORT_BY_NAME(.ctors.*))
 *(.ctors)

.dtors
 *crtbegin.o(.dtors)
 *crtbegin?.o(.dtors)
 *(EXCLUDE_FILE(*crtend?.o *crtend.o) .dtors)
 *(SORT_BY_NAME(.dtors.*))
 *(.dtors)

.dalign         0x0000000020000000        0x0 load address 0x0000000000003ce8
                0x0000000020000000                . = ALIGN (0x4)
                0x0000000020000000                PROVIDE (_data_vma = .)

.dlalign        0x0000000000003ce8        0x0
                0x0000000000003ce8                . = ALIGN (0x4)
                0x0000000000003ce8                PROVIDE (_data_lma = .)

.data           0x0000000020000000      0x158 load address 0x0000000000003ce8
                0x0000000020000000                . = ALIGN (0x4)
 *(.gnu.linkonce.r.*)
 *(.data .data.*)
 .data.errmsg   0x0000000020000000       0x5c ./User/basic.o
                0x0000000020000000                errmsg
 .data.kwtbl    0x000000002000005c       0x90 ./User/basic.o
                0x000000002000005c                kwtbl
 .data.curbrk.4059
                0x00000000200000ec        0x4 ./Debug/debug.o
 .data.impure_data
                0x00000000200000f0       0x60 c:/mounriver/mounriver_studio/toolchain/risc-v embedded gcc/bin/../lib/gcc/riscv-none-embed/8.2.0/../../../../riscv-none-embed/lib/rv32ecxw/ilp32e\libg_nano.a(lib_a-impure.o)
 *(.gnu.linkonce.d.*)
                0x0000000020000150                . = ALIGN (0x8)
                0x0000000020000950                PROVIDE (__global_pointer$ = (. + 0x800))
 *(.sdata .sdata.*)
 .sdata._impure_ptr
                0x0000000020000150        0x4 c:/mounriver/mounriver_studio/toolchain/risc-v embedded gcc/bin/../lib/gcc/riscv-none-embed/8.2.0/../../../../riscv-none-embed/lib/rv32ecxw/ilp32e\libg_nano.a(lib_a-impure.o)
                0x0000000020000150                _impure_ptr
 *(.sdata2*)
 *(.gnu.linkonce.s.*)
                0x0000000020000158                . = ALIGN (0x8)
 *fill*         0x0000000020000154        0x4 
 *(.srodata.cst16)
 *(.srodata.cst8)
 *(.srodata.cst4)
 *(.srodata.cst2)
 *(.srodata .srodata.*)
                0x0000000020000158                . = ALIGN (0x4)
                0x0000000020000158                PROVIDE (_edata = .)

.bss            0x0000000020000158      0x3c0 load address 0x0000000000003e40
                0x0000000020000158                . = ALIGN (0x4)
                0x0000000020000158                PROVIDE (_sbss = .)
 *(.sbss*)
 .sbss.__malloc_free_list
                0x0000000020000158        0x4 c:/mounriver/mounriver_studio/toolchain/risc-v embedded gcc/bin/../lib/gcc/riscv-none-embed/8.2.0/../../../../riscv-none-embed/lib/rv32ecxw/ilp32e\libg_nano.a(lib_a-nano-mallocr.o)
                0x0000000020000158                __malloc_free_list
 .sbss.__malloc_sbrk_start
                0x000000002000015c        0x4 c:/mounriver/mounriver_studio/toolchain/risc-v embedded gcc/bin/../lib/gcc/riscv-none-embed/8.2.0/../../../../riscv-none-embed/lib/rv32ecxw/ilp32e\libg_nano.a(lib_a-nano-mallocr.o)
                0x000000002000015c                __malloc_sbrk_start
 *(.gnu.linkonce.sb.*)
 *(.bss*)
 .bss.CapsLock  0x0000000020000160        0x1 ./User/PS2Keyboard.o
 .bss.CharBuffer
                0x0000000020000161        0x1 ./User/PS2Keyboard.o
 .bss.UTF8next  0x0000000020000162        0x1 ./User/PS2Keyboard.o
 .bss.bitcount.4041
                0x0000000020000163        0x1 ./User/PS2Keyboard.o
 .bss.buffer    0x0000000020000164       0x10 ./User/PS2Keyboard.o
 .bss.head      0x0000000020000174        0x1 ./User/PS2Keyboard.o
 .bss.incoming.4042
                0x0000000020000175        0x1 ./User/PS2Keyboard.o
 *fill*         0x0000000020000176        0x2 
 .bss.keymap    0x0000000020000178        0x4 ./User/PS2Keyboard.o
 .bss.prev_ms.4043
                0x000000002000017c        0x4 ./User/PS2Keyboard.o
 .bss.state.4057
                0x0000000020000180        0x1 ./User/PS2Keyboard.o
 .bss.tail      0x0000000020000181        0x1 ./User/PS2Keyboard.o
 *fill*         0x0000000020000182        0x2 
 .bss.arr       0x0000000020000184       0x40 ./User/basic.o
                0x0000000020000184                arr
 .bss.cip       0x00000000200001c4        0x4 ./User/basic.o
                0x00000000200001c4                cip
 .bss.clp       0x00000000200001c8        0x4 ./User/basic.o
                0x00000000200001c8                clp
 .bss.err       0x00000000200001cc        0x1 ./User/basic.o
                0x00000000200001cc                err
 *fill*         0x00000000200001cd        0x3 
 .bss.gstk      0x00000000200001d0       0x18 ./User/basic.o
                0x00000000200001d0                gstk
 .bss.gstki     0x00000000200001e8        0x1 ./User/basic.o
                0x00000000200001e8                gstki
 *fill*         0x00000000200001e9        0x3 
 .bss.ibuf      0x00000000200001ec       0x50 ./User/basic.o
                0x00000000200001ec                ibuf
 .bss.lbuf      0x000000002000023c       0x50 ./User/basic.o
                0x000000002000023c                lbuf
 .bss.listbuf   0x000000002000028c      0x200 ./User/basic.o
                0x000000002000028c                listbuf
 .bss.lstk      0x000000002000048c       0x3c ./User/basic.o
                0x000000002000048c                lstk
 .bss.lstki     0x00000000200004c8        0x1 ./User/basic.o
                0x00000000200004c8                lstki
 *fill*         0x00000000200004c9        0x3 
 .bss.var       0x00000000200004cc       0x34 ./User/basic.o
                0x00000000200004cc                var
 .bss.cursor_x  0x0000000020000500        0x1 ./User/main.o
                0x0000000020000500                cursor_x
 .bss.cursor_y  0x0000000020000501        0x1 ./User/main.o
                0x0000000020000501                cursor_y
 .bss.ntsc_line
                0x0000000020000502        0x2 ./User/main.o
                0x0000000020000502                ntsc_line
 .bss.scandata  0x0000000020000504        0x8 ./User/main.o
                0x0000000020000504                scandata
 .bss.vram      0x000000002000050c        0x4 ./User/main.o
                0x000000002000050c                vram
 .bss.NVIC_Priority_Group
                0x0000000020000510        0x4 ./Peripheral/src/ch32v00x_misc.o
                0x0000000020000510                NVIC_Priority_Group
 *(.gnu.linkonce.b.*)
 *(COMMON*)
 COMMON         0x0000000020000514        0x4 c:/mounriver/mounriver_studio/toolchain/risc-v embedded gcc/bin/../lib/gcc/riscv-none-embed/8.2.0/../../../../riscv-none-embed/lib/rv32ecxw/ilp32e\libg_nano.a(lib_a-reent.o)
                0x0000000020000514                errno
                0x0000000020000518                . = ALIGN (0x4)
                0x0000000020000518                PROVIDE (_ebss = .)
                0x0000000020000518                PROVIDE (_end = _ebss)
                [!provide]                        PROVIDE (end = .)

.stack          0x0000000020000700      0x100
                0x0000000020000700                PROVIDE (_heap_end = .)
                0x0000000020000700                . = ALIGN (0x4)
                [!provide]                        PROVIDE (_susrstack = .)
                0x0000000020000800                . = (. + __stack_size)
 *fill*         0x0000000020000700      0x100 
                0x0000000020000800                PROVIDE (_eusrstack = .)
OUTPUT(TinyBASIC.elf elf32-littleriscv)

.debug_info     0x0000000000000000    0x10968
 .debug_info    0x0000000000000000     0x115e ./User/PS2Keyboard.o
 .debug_info    0x000000000000115e     0x2352 ./User/basic.o
 .debug_info    0x00000000000034b0      0x962 ./User/ch32v00x_it.o
 .debug_info    0x0000000000003e12     0x1a3e ./User/main.o
 .debug_info    0x0000000000005850      0xc00 ./User/system_ch32v00x.o
 .debug_info    0x0000000000006450       0x22 ./Startup/startup_ch32v00x.o
 .debug_info    0x0000000000006472      0xd17 ./Peripheral/src/ch32v00x_dma.o
 .debug_info    0x0000000000007189      0xc05 ./Peripheral/src/ch32v00x_exti.o
 .debug_info    0x0000000000007d8e     0x1322 ./Peripheral/src/ch32v00x_flash.o
 .debug_info    0x00000000000090b0      0xfc9 ./Peripheral/src/ch32v00x_gpio.o
 .debug_info    0x000000000000a079      0xe1b ./Peripheral/src/ch32v00x_misc.o
 .debug_info    0x000000000000ae94     0x10cb ./Peripheral/src/ch32v00x_rcc.o
 .debug_info    0x000000000000bf5f     0x1062 ./Peripheral/src/ch32v00x_spi.o
 .debug_info    0x000000000000cfc1     0x2ab5 ./Peripheral/src/ch32v00x_tim.o
 .debug_info    0x000000000000fa76      0xef2 ./Debug/debug.o

.debug_abbrev   0x0000000000000000     0x2f55
 .debug_abbrev  0x0000000000000000      0x39d ./User/PS2Keyboard.o
 .debug_abbrev  0x000000000000039d      0x59e ./User/basic.o
 .debug_abbrev  0x000000000000093b      0x1cf ./User/ch32v00x_it.o
 .debug_abbrev  0x0000000000000b0a      0x3a1 ./User/main.o
 .debug_abbrev  0x0000000000000eab      0x2af ./User/system_ch32v00x.o
 .debug_abbrev  0x000000000000115a       0x12 ./Startup/startup_ch32v00x.o
 .debug_abbrev  0x000000000000116c      0x302 ./Peripheral/src/ch32v00x_dma.o
 .debug_abbrev  0x000000000000146e      0x2da ./Peripheral/src/ch32v00x_exti.o
 .debug_abbrev  0x0000000000001748      0x437 ./Peripheral/src/ch32v00x_flash.o
 .debug_abbrev  0x0000000000001b7f      0x2ed ./Peripheral/src/ch32v00x_gpio.o
 .debug_abbrev  0x0000000000001e6c      0x2f2 ./Peripheral/src/ch32v00x_misc.o
 .debug_abbrev  0x000000000000215e      0x3f9 ./Peripheral/src/ch32v00x_rcc.o
 .debug_abbrev  0x0000000000002557      0x303 ./Peripheral/src/ch32v00x_spi.o
 .debug_abbrev  0x000000000000285a      0x408 ./Peripheral/src/ch32v00x_tim.o
 .debug_abbrev  0x0000000000002c62      0x2f3 ./Debug/debug.o

.debug_loc      0x0000000000000000     0x57b5
 .debug_loc     0x0000000000000000      0x22b ./User/PS2Keyboard.o
 .debug_loc     0x000000000000022b     0x1974 ./User/basic.o
 .debug_loc     0x0000000000001b9f      0x1e5 ./User/main.o
 .debug_loc     0x0000000000001d84       0x6f ./User/system_ch32v00x.o
 .debug_loc     0x0000000000001df3      0x149 ./Peripheral/src/ch32v00x_dma.o
 .debug_loc     0x0000000000001f3c      0x16d ./Peripheral/src/ch32v00x_exti.o
 .debug_loc     0x00000000000020a9      0x74e ./Peripheral/src/ch32v00x_flash.o
 .debug_loc     0x00000000000027f7      0x6d3 ./Peripheral/src/ch32v00x_gpio.o
 .debug_loc     0x0000000000002eca      0x140 ./Peripheral/src/ch32v00x_misc.o
 .debug_loc     0x000000000000300a      0x718 ./Peripheral/src/ch32v00x_rcc.o
 .debug_loc     0x0000000000003722      0x3f1 ./Peripheral/src/ch32v00x_spi.o
 .debug_loc     0x0000000000003b13     0x1b8d ./Peripheral/src/ch32v00x_tim.o
 .debug_loc     0x00000000000056a0      0x115 ./Debug/debug.o

.debug_aranges  0x0000000000000000      0x958
 .debug_aranges
                0x0000000000000000       0x40 ./User/PS2Keyboard.o
 .debug_aranges
                0x0000000000000040      0x140 ./User/basic.o
 .debug_aranges
                0x0000000000000180       0x28 ./User/ch32v00x_it.o
 .debug_aranges
                0x00000000000001a8       0x50 ./User/main.o
 .debug_aranges
                0x00000000000001f8       0x28 ./User/system_ch32v00x.o
 .debug_aranges
                0x0000000000000220       0x30 ./Startup/startup_ch32v00x.o
 .debug_aranges
                0x0000000000000250       0x60 ./Peripheral/src/ch32v00x_dma.o
 .debug_aranges
                0x00000000000002b0       0x50 ./Peripheral/src/ch32v00x_exti.o
 .debug_aranges
                0x0000000000000300       0xf0 ./Peripheral/src/ch32v00x_flash.o
 .debug_aranges
                0x00000000000003f0       0x90 ./Peripheral/src/ch32v00x_gpio.o
 .debug_aranges
                0x0000000000000480       0x28 ./Peripheral/src/ch32v00x_misc.o
 .debug_aranges
                0x00000000000004a8       0xe0 ./Peripheral/src/ch32v00x_rcc.o
 .debug_aranges
                0x0000000000000588       0xb8 ./Peripheral/src/ch32v00x_spi.o
 .debug_aranges
                0x0000000000000640      0x2d0 ./Peripheral/src/ch32v00x_tim.o
 .debug_aranges
                0x0000000000000910       0x48 ./Debug/debug.o

.debug_ranges   0x0000000000000000      0xf88
 .debug_ranges  0x0000000000000000       0xe8 ./User/PS2Keyboard.o
 .debug_ranges  0x00000000000000e8      0x560 ./User/basic.o
 .debug_ranges  0x0000000000000648       0x18 ./User/ch32v00x_it.o
 .debug_ranges  0x0000000000000660       0x40 ./User/main.o
 .debug_ranges  0x00000000000006a0       0x38 ./User/system_ch32v00x.o
 .debug_ranges  0x00000000000006d8       0x28 ./Startup/startup_ch32v00x.o
 .debug_ranges  0x0000000000000700       0x50 ./Peripheral/src/ch32v00x_dma.o
 .debug_ranges  0x0000000000000750       0x40 ./Peripheral/src/ch32v00x_exti.o
 .debug_ranges  0x0000000000000790      0x138 ./Peripheral/src/ch32v00x_flash.o
 .debug_ranges  0x00000000000008c8       0x80 ./Peripheral/src/ch32v00x_gpio.o
 .debug_ranges  0x0000000000000948       0x68 ./Peripheral/src/ch32v00x_misc.o
 .debug_ranges  0x00000000000009b0      0x120 ./Peripheral/src/ch32v00x_rcc.o
 .debug_ranges  0x0000000000000ad0       0xa8 ./Peripheral/src/ch32v00x_spi.o
 .debug_ranges  0x0000000000000b78      0x3d8 ./Peripheral/src/ch32v00x_tim.o
 .debug_ranges  0x0000000000000f50       0x38 ./Debug/debug.o

.debug_line     0x0000000000000000     0xf929
 .debug_line    0x0000000000000000      0xe87 ./User/PS2Keyboard.o
 .debug_line    0x0000000000000e87     0x4862 ./User/basic.o
 .debug_line    0x00000000000056e9      0x217 ./User/ch32v00x_it.o
 .debug_line    0x0000000000005900      0xf46 ./User/main.o
 .debug_line    0x0000000000006846      0x655 ./User/system_ch32v00x.o
 .debug_line    0x0000000000006e9b      0x1ae ./Startup/startup_ch32v00x.o
 .debug_line    0x0000000000007049      0x77f ./Peripheral/src/ch32v00x_dma.o
 .debug_line    0x00000000000077c8      0x5a8 ./Peripheral/src/ch32v00x_exti.o
 .debug_line    0x0000000000007d70     0x15d4 ./Peripheral/src/ch32v00x_flash.o
 .debug_line    0x0000000000009344      0xbdd ./Peripheral/src/ch32v00x_gpio.o
 .debug_line    0x0000000000009f21      0x52c ./Peripheral/src/ch32v00x_misc.o
 .debug_line    0x000000000000a44d      0xe89 ./Peripheral/src/ch32v00x_rcc.o
 .debug_line    0x000000000000b2d6      0x985 ./Peripheral/src/ch32v00x_spi.o
 .debug_line    0x000000000000bc5b     0x35e5 ./Peripheral/src/ch32v00x_tim.o
 .debug_line    0x000000000000f240      0x6e9 ./Debug/debug.o

.debug_str      0x0000000000000000     0x2da4
 .debug_str     0x0000000000000000      0xaf9 ./User/PS2Keyboard.o
                                        0xba7 (size before relaxing)
 .debug_str     0x0000000000000af9      0x473 ./User/basic.o
                                        0xa7a (size before relaxing)
 .debug_str     0x0000000000000f6c       0x34 ./User/ch32v00x_it.o
                                        0x5a0 (size before relaxing)
 .debug_str     0x0000000000000fa0      0x623 ./User/main.o
                                       0x1001 (size before relaxing)
 .debug_str     0x00000000000015c3      0x11e ./User/system_ch32v00x.o
                                        0x6ec (size before relaxing)
 .debug_str     0x00000000000016e1       0x2a ./Startup/startup_ch32v00x.o
                                         0x4e (size before relaxing)
 .debug_str     0x000000000000170b      0x11f ./Peripheral/src/ch32v00x_dma.o
                                        0x7dd (size before relaxing)
 .debug_str     0x000000000000182a       0xbc ./Peripheral/src/ch32v00x_exti.o
                                        0x777 (size before relaxing)
 .debug_str     0x00000000000018e6      0x338 ./Peripheral/src/ch32v00x_flash.o
                                        0x9e8 (size before relaxing)
 .debug_str     0x0000000000001c1e      0x19d ./Peripheral/src/ch32v00x_gpio.o
                                        0x8f4 (size before relaxing)
 .debug_str     0x0000000000001dbb       0xf1 ./Peripheral/src/ch32v00x_misc.o
                                        0x8fc (size before relaxing)
 .debug_str     0x0000000000001eac      0x2cf ./Peripheral/src/ch32v00x_rcc.o
                                        0x99b (size before relaxing)
 .debug_str     0x000000000000217b      0x1d4 ./Peripheral/src/ch32v00x_spi.o
                                        0x923 (size before relaxing)
 .debug_str     0x000000000000234f      0x909 ./Peripheral/src/ch32v00x_tim.o
                                       0x1239 (size before relaxing)
 .debug_str     0x0000000000002c58      0x14c ./Debug/debug.o
                                        0x8d5 (size before relaxing)

.comment        0x0000000000000000       0x33
 .comment       0x0000000000000000       0x33 ./User/PS2Keyboard.o
                                         0x34 (size before relaxing)
 .comment       0x0000000000000033       0x34 ./User/basic.o
 .comment       0x0000000000000033       0x34 ./User/ch32v00x_it.o
 .comment       0x0000000000000033       0x34 ./User/main.o
 .comment       0x0000000000000033       0x34 ./User/system_ch32v00x.o
 .comment       0x0000000000000033       0x34 ./Peripheral/src/ch32v00x_dma.o
 .comment       0x0000000000000033       0x34 ./Peripheral/src/ch32v00x_exti.o
 .comment       0x0000000000000033       0x34 ./Peripheral/src/ch32v00x_flash.o
 .comment       0x0000000000000033       0x34 ./Peripheral/src/ch32v00x_gpio.o
 .comment       0x0000000000000033       0x34 ./Peripheral/src/ch32v00x_misc.o
 .comment       0x0000000000000033       0x34 ./Peripheral/src/ch32v00x_rcc.o
 .comment       0x0000000000000033       0x34 ./Peripheral/src/ch32v00x_spi.o
 .comment       0x0000000000000033       0x34 ./Peripheral/src/ch32v00x_tim.o
 .comment       0x0000000000000033       0x34 ./Debug/debug.o

.debug_frame    0x0000000000000000     0x191c
 .debug_frame   0x0000000000000000       0xc8 ./User/PS2Keyboard.o
 .debug_frame   0x00000000000000c8      0x52c ./User/basic.o
 .debug_frame   0x00000000000005f4       0x30 ./User/ch32v00x_it.o
 .debug_frame   0x0000000000000624      0x114 ./User/main.o
 .debug_frame   0x0000000000000738       0x4c ./User/system_ch32v00x.o
 .debug_frame   0x0000000000000784       0xcc ./Peripheral/src/ch32v00x_dma.o
 .debug_frame   0x0000000000000850       0x90 ./Peripheral/src/ch32v00x_exti.o
 .debug_frame   0x00000000000008e0      0x2e4 ./Peripheral/src/ch32v00x_flash.o
 .debug_frame   0x0000000000000bc4      0x13c ./Peripheral/src/ch32v00x_gpio.o
 .debug_frame   0x0000000000000d00       0x30 ./Peripheral/src/ch32v00x_misc.o
 .debug_frame   0x0000000000000d30      0x1bc ./Peripheral/src/ch32v00x_rcc.o
 .debug_frame   0x0000000000000eec      0x15c ./Peripheral/src/ch32v00x_spi.o
 .debug_frame   0x0000000000001048      0x62c ./Peripheral/src/ch32v00x_tim.o
 .debug_frame   0x0000000000001674       0xcc ./Debug/debug.o
 .debug_frame   0x0000000000001740       0x30 c:/mounriver/mounriver_studio/toolchain/risc-v embedded gcc/bin/../lib/gcc/riscv-none-embed/8.2.0/../../../../riscv-none-embed/lib/rv32ecxw/ilp32e\libg_nano.a(lib_a-malloc.o)
 .debug_frame   0x0000000000001770       0x20 c:/mounriver/mounriver_studio/toolchain/risc-v embedded gcc/bin/../lib/gcc/riscv-none-embed/8.2.0/../../../../riscv-none-embed/lib/rv32ecxw/ilp32e\libg_nano.a(lib_a-memmove.o)
 .debug_frame   0x0000000000001790       0x38 c:/mounriver/mounriver_studio/toolchain/risc-v embedded gcc/bin/../lib/gcc/riscv-none-embed/8.2.0/../../../../riscv-none-embed/lib/rv32ecxw/ilp32e\libg_nano.a(lib_a-nano-mallocr.o)
 .debug_frame   0x00000000000017c8       0x5c c:/mounriver/mounriver_studio/toolchain/risc-v embedded gcc/bin/../lib/gcc/riscv-none-embed/8.2.0/../../../../riscv-none-embed/lib/rv32ecxw/ilp32e\libg_nano.a(lib_a-random.o)
 .debug_frame   0x0000000000001824       0x30 c:/mounriver/mounriver_studio/toolchain/risc-v embedded gcc/bin/../lib/gcc/riscv-none-embed/8.2.0/../../../../riscv-none-embed/lib/rv32ecxw/ilp32e\libg_nano.a(lib_a-sbrkr.o)
 .debug_frame   0x0000000000001854       0x30 c:/mounriver/mounriver_studio/toolchain/risc-v embedded gcc/bin/../lib/gcc/riscv-none-embed/8.2.0/../../../../riscv-none-embed/lib/rv32ecxw/ilp32e\libg_nano.a(lib_a-mlock.o)
 .debug_frame   0x0000000000001884       0x64 c:/mounriver/mounriver_studio/toolchain/risc-v embedded gcc/bin/../lib/gcc/riscv-none-embed/8.2.0/../../../../riscv-none-embed/lib/rv32ecxw/ilp32e\libg_nano.a(lib_a-reent.o)
 .debug_frame   0x00000000000018e8       0x34 c:/mounriver/mounriver_studio/toolchain/risc-v embedded gcc/bin/../lib/gcc/riscv-none-embed/8.2.0/rv32ecxw/ilp32e\libgcc.a(multi3.o)
